Archive member included to satisfy reference by file (symbol)

/home/weekend/opt/gcc-arm-none-eabi-6-2017-q1-update/bin/../lib/gcc/arm-none-eabi/6.3.1/../../../../arm-none-eabi/lib/thumb/v7e-m/fpv4-sp/hard/libg.a(lib_a-reent.o)
                              build/obj/syscalls_cpp.o (symbol from plugin) (errno)
/home/weekend/opt/gcc-arm-none-eabi-6-2017-q1-update/bin/../lib/gcc/arm-none-eabi/6.3.1/../../../../arm-none-eabi/lib/thumb/v7e-m/fpv4-sp/hard/libg.a(lib_a-freer.o)
                              /home/weekend/opt/gcc-arm-none-eabi-6-2017-q1-update/bin/../lib/gcc/arm-none-eabi/6.3.1/../../../../arm-none-eabi/lib/thumb/v7e-m/fpv4-sp/hard/libg.a(lib_a-reent.o) (_free_r)
/home/weekend/opt/gcc-arm-none-eabi-6-2017-q1-update/bin/../lib/gcc/arm-none-eabi/6.3.1/../../../../arm-none-eabi/lib/thumb/v7e-m/fpv4-sp/hard/libg.a(lib_a-impure.o)
                              /home/weekend/opt/gcc-arm-none-eabi-6-2017-q1-update/bin/../lib/gcc/arm-none-eabi/6.3.1/../../../../arm-none-eabi/lib/thumb/v7e-m/fpv4-sp/hard/libg.a(lib_a-reent.o) (_impure_ptr)
/home/weekend/opt/gcc-arm-none-eabi-6-2017-q1-update/bin/../lib/gcc/arm-none-eabi/6.3.1/../../../../arm-none-eabi/lib/thumb/v7e-m/fpv4-sp/hard/libg.a(lib_a-mallocr.o)
                              /home/weekend/opt/gcc-arm-none-eabi-6-2017-q1-update/bin/../lib/gcc/arm-none-eabi/6.3.1/../../../../arm-none-eabi/lib/thumb/v7e-m/fpv4-sp/hard/libg.a(lib_a-freer.o) (__malloc_current_mallinfo)
/home/weekend/opt/gcc-arm-none-eabi-6-2017-q1-update/bin/../lib/gcc/arm-none-eabi/6.3.1/../../../../arm-none-eabi/lib/thumb/v7e-m/fpv4-sp/hard/libg.a(lib_a-mlock.o)
                              /home/weekend/opt/gcc-arm-none-eabi-6-2017-q1-update/bin/../lib/gcc/arm-none-eabi/6.3.1/../../../../arm-none-eabi/lib/thumb/v7e-m/fpv4-sp/hard/libg.a(lib_a-freer.o) (__malloc_lock)
/home/weekend/opt/gcc-arm-none-eabi-6-2017-q1-update/bin/../lib/gcc/arm-none-eabi/6.3.1/../../../../arm-none-eabi/lib/thumb/v7e-m/fpv4-sp/hard/libg.a(lib_a-sbrkr.o)
                              /home/weekend/opt/gcc-arm-none-eabi-6-2017-q1-update/bin/../lib/gcc/arm-none-eabi/6.3.1/../../../../arm-none-eabi/lib/thumb/v7e-m/fpv4-sp/hard/libg.a(lib_a-freer.o) (_sbrk_r)
/home/weekend/opt/gcc-arm-none-eabi-6-2017-q1-update/bin/../lib/gcc/arm-none-eabi/6.3.1/../../../../arm-none-eabi/lib/thumb/v7e-m/fpv4-sp/hard/libg.a(lib_a-lock.o)
                              /home/weekend/opt/gcc-arm-none-eabi-6-2017-q1-update/bin/../lib/gcc/arm-none-eabi/6.3.1/../../../../arm-none-eabi/lib/thumb/v7e-m/fpv4-sp/hard/libg.a(lib_a-mlock.o) (__retarget_lock_acquire_recursive)
/home/weekend/opt/gcc-arm-none-eabi-6-2017-q1-update/bin/../lib/gcc/arm-none-eabi/6.3.1/../../../../arm-none-eabi/lib/thumb/v7e-m/fpv4-sp/hard/libg.a(lib_a-memcpy.o)
                              /tmp/ccnNSPcw.ltrans3.ltrans.o (memcpy)
/home/weekend/opt/gcc-arm-none-eabi-6-2017-q1-update/bin/../lib/gcc/arm-none-eabi/6.3.1/../../../../arm-none-eabi/lib/thumb/v7e-m/fpv4-sp/hard/libg.a(lib_a-memmove.o)
                              /tmp/ccnNSPcw.ltrans2.ltrans.o (memmove)
/home/weekend/opt/gcc-arm-none-eabi-6-2017-q1-update/bin/../lib/gcc/arm-none-eabi/6.3.1/../../../../arm-none-eabi/lib/thumb/v7e-m/fpv4-sp/hard/libg.a(lib_a-memset.o)
                              /tmp/ccnNSPcw.ltrans3.ltrans.o (memset)

Allocating common symbols
Common symbol       size              file

__lock___atexit_recursive_mutex
                    0x1               /home/weekend/opt/gcc-arm-none-eabi-6-2017-q1-update/bin/../lib/gcc/arm-none-eabi/6.3.1/../../../../arm-none-eabi/lib/thumb/v7e-m/fpv4-sp/hard/libg.a(lib_a-lock.o)
__lock___arc4random_mutex
                    0x1               /home/weekend/opt/gcc-arm-none-eabi-6-2017-q1-update/bin/../lib/gcc/arm-none-eabi/6.3.1/../../../../arm-none-eabi/lib/thumb/v7e-m/fpv4-sp/hard/libg.a(lib_a-lock.o)
errno               0x4               /home/weekend/opt/gcc-arm-none-eabi-6-2017-q1-update/bin/../lib/gcc/arm-none-eabi/6.3.1/../../../../arm-none-eabi/lib/thumb/v7e-m/fpv4-sp/hard/libg.a(lib_a-reent.o)
__lock___env_recursive_mutex
                    0x1               /home/weekend/opt/gcc-arm-none-eabi-6-2017-q1-update/bin/../lib/gcc/arm-none-eabi/6.3.1/../../../../arm-none-eabi/lib/thumb/v7e-m/fpv4-sp/hard/libg.a(lib_a-lock.o)
__lock___sinit_recursive_mutex
                    0x1               /home/weekend/opt/gcc-arm-none-eabi-6-2017-q1-update/bin/../lib/gcc/arm-none-eabi/6.3.1/../../../../arm-none-eabi/lib/thumb/v7e-m/fpv4-sp/hard/libg.a(lib_a-lock.o)
__lock___malloc_recursive_mutex
                    0x1               /home/weekend/opt/gcc-arm-none-eabi-6-2017-q1-update/bin/../lib/gcc/arm-none-eabi/6.3.1/../../../../arm-none-eabi/lib/thumb/v7e-m/fpv4-sp/hard/libg.a(lib_a-lock.o)
__lock___at_quick_exit_mutex
                    0x1               /home/weekend/opt/gcc-arm-none-eabi-6-2017-q1-update/bin/../lib/gcc/arm-none-eabi/6.3.1/../../../../arm-none-eabi/lib/thumb/v7e-m/fpv4-sp/hard/libg.a(lib_a-lock.o)
__lock___dd_hash_mutex
[...]
Memory Configuration

Name             Origin             Length             Attributes
flash0           0x0000000008000000 0x0000000000080000
flash1           0x0000000000000000 0x0000000000000000
flash2           0x0000000000000000 0x0000000000000000
flash3           0x0000000000000000 0x0000000000000000
flash4           0x0000000000000000 0x0000000000000000
flash5           0x0000000000000000 0x0000000000000000
flash6           0x0000000000000000 0x0000000000000000
flash7           0x0000000000000000 0x0000000000000000
ram0             0x0000000020000000 0x0000000000020000
ram1             0x0000000020000000 0x000000000001c000
ram2             0x0000000000000000 0x0000000000004000
ram3             0x0000000000000000 0x0000000000000000
ram4             0x0000000000000000 0x0000000000000000
ram5             0x0000000000000000 0x0000000000000000
ram6             0x0000000000000000 0x0000000000000000
ram7             0x0000000000000000 0x0000000000000000
*default*        0x0000000000000000 0xffffffffffffffff

Linker script and memory map

LOAD build/obj/crt0_v7m.o
LOAD build/obj/chcoreasm_v7m.o
LOAD build/obj/crt1.o
LOAD /tmp/ccnNSPcw.ltrans0.ltrans.o
LOAD /tmp/ccnNSPcw.ltrans1.ltrans.o
LOAD /tmp/ccnNSPcw.ltrans2.ltrans.o
LOAD /tmp/ccnNSPcw.ltrans3.ltrans.o
LOAD /tmp/ccnNSPcw.ltrans4.ltrans.o
LOAD build/obj/vectors.o
LOAD build/obj/chsys.o
LOAD build/obj/chdebug.o
LOAD build/obj/chtrace.o
LOAD build/obj/chvt.o
LOAD build/obj/chschd.o
LOAD build/obj/chthreads.o
LOAD build/obj/chtm.o
LOAD build/obj/chregistry.o
LOAD build/obj/chsem.o
LOAD build/obj/chmtx.o
LOAD build/obj/chcond.o
LOAD build/obj/chevents.o
LOAD build/obj/chmsg.o
LOAD build/obj/chdynamic.o
LOAD build/obj/chmboxes.o
LOAD build/obj/chmemcore.o
LOAD build/obj/chheap.o
LOAD build/obj/chmempools.o
LOAD build/obj/chcore.o
LOAD build/obj/chcore_v7m.o
LOAD build/obj/osal.o
LOAD build/obj/hal.o
LOAD build/obj/hal_st.o
LOAD build/obj/hal_buffers.o
LOAD build/obj/hal_queues.o
LOAD build/obj/hal_mmcsd.o
LOAD build/obj/hal_adc.o
LOAD build/obj/hal_pal.o
LOAD build/obj/hal_pwm.o
LOAD build/obj/hal_serial.o
LOAD build/obj/hal_spi.o
LOAD build/obj/nvic.o
LOAD build/obj/hal_lld.o
LOAD build/obj/hal_adc_lld.o
LOAD build/obj/stm32_dma.o
LOAD build/obj/hal_pal_lld.o
LOAD build/obj/hal_spi_lld.o
LOAD build/obj/hal_st_lld.o
LOAD build/obj/hal_pwm_lld.o
LOAD build/obj/hal_serial_lld.o
LOAD build/obj/board.o
LOAD build/obj/ch_test.o
LOAD build/obj/test_root.o
LOAD build/obj/test_sequence_001.o
LOAD build/obj/test_sequence_002.o
LOAD build/obj/test_sequence_003.o
LOAD build/obj/test_sequence_004.o
LOAD build/obj/test_sequence_005.o
LOAD build/obj/test_sequence_006.o
LOAD build/obj/test_sequence_007.o
LOAD build/obj/test_sequence_008.o
LOAD build/obj/test_sequence_009.o
LOAD build/obj/test_sequence_010.o
LOAD build/obj/test_sequence_011.o
LOAD build/obj/test_sequence_012.o
LOAD build/obj/chprintf.o
LOAD build/obj/memstreams.o
LOAD build/obj/nullstreams.o
LOAD build/obj/arm_fir_decimate_init_f32.o
LOAD build/obj/arm_fir_decimate_f32.o
LOAD build/obj/arm_pid_init_f32.o
LOAD build/obj/arm_pid_reset_f32.o
LOAD build/obj/ch.o
LOAD build/obj/syscalls_cpp.o
LOAD build/obj/main.o
LOAD build/obj/tester.o
LOAD build/obj/ThreePhaseDriver.o
LOAD build/obj/ADC.o
LOAD build/obj/currentControl.o
LOAD build/obj/Commands.o
LOAD build/obj/Controller.o
LOAD build/obj/PositionSense.o

.mstack         0x0000000020000000      0x400
                0x0000000020000000                . = ALIGN (0x8)
                0x0000000020000000                __main_stack_base__ = .
                0x0000000020000400                . = (. + __main_stack_size__)
 *fill*         0x0000000020000000      0x400 
                0x0000000020000400                . = ALIGN (0x8)
                0x0000000020000400                __main_stack_end__ = .

.pstack         0x0000000020000400      0x400
                0x0000000020000400                __process_stack_base__ = .
                0x0000000020000400                __main_thread_stack_base__ = .
                0x0000000020000800                . = (. + __process_stack_size__)
 *fill*         0x0000000020000400      0x400 
                0x0000000020000800                . = ALIGN (0x8)
                0x0000000020000800                __process_stack_end__ = .
                0x0000000020000800                __main_thread_stack_end__ = .

.vectors        0x0000000008000000      0x1c0
 *(.vectors)
 .vectors       0x0000000008000000      0x1c0 /tmp/ccnNSPcw.ltrans1.ltrans.o
                0x0000000008000000                _vectors

.xtors          0x00000000080001c0        0x4
                0x00000000080001c0                __init_array_start = .
 *(SORT(.init_array.*))
 *(.init_array)
 .init_array    0x00000000080001c0        0x4 /tmp/ccnNSPcw.ltrans3.ltrans.o
                0x00000000080001c4                __init_array_end = .
                0x00000000080001c4                __fini_array_start = .
 *(.fini_array)
 *(SORT(.fini_array.*))
                0x00000000080001c4                __fini_array_end = .

.text           0x00000000080001d0     0x3f10
 *(.text)
 .text          0x00000000080001d0      0x118 build/obj/crt0_v7m.o
                0x00000000080001d0                Reset_Handler
 .text          0x00000000080002e8       0x3c build/obj/chcoreasm_v7m.o
                0x00000000080002e8                _port_switch
                0x0000000008000300                _port_thread_start
                0x0000000008000314                _port_switch_from_isr
                0x0000000008000320                _port_exit_from_isr
 .text          0x0000000008000324      0x134 /home/weekend/opt/gcc-arm-none-eabi-6-2017-q1-update/bin/../lib/gcc/arm-none-eabi/6.3.1/../../../../arm-none-eabi/lib/thumb/v7e-m/fpv4-sp/hard/libg.a(lib_a-memcpy.o)
                0x0000000008000324                memcpy
 *(.text.*)
 *fill*         0x0000000008000458        0x8 
 .text.SVC_Handler
                0x0000000008000460       0x2c /tmp/ccnNSPcw.ltrans0.ltrans.o
                0x0000000008000460                SVC_Handler
 *fill*         0x000000000800048c        0x4 
 .text._idle_thread.lto_priv.81
                0x0000000008000490        0x4 /tmp/ccnNSPcw.ltrans0.ltrans.o
                0x0000000008000490                _idle_thread.lto_priv.81
 *fill*         0x0000000008000494        0xc 
 .text.pwm_lld_disable_channel
                0x00000000080004a0       0x20 /tmp/ccnNSPcw.ltrans0.ltrans.o
                0x00000000080004a0                pwm_lld_disable_channel
 .text.pwm_lld_start
                0x00000000080004c0      0x198 /tmp/ccnNSPcw.ltrans0.ltrans.o
                0x00000000080004c0                pwm_lld_start
 *fill*         0x0000000008000658        0x8 
 .text._pal_lld_setgroupmode
                0x0000000008000660       0xd0 /tmp/ccnNSPcw.ltrans0.ltrans.o
                0x0000000008000660                _pal_lld_setgroupmode
 .text._port_irq_epilogue
                0x0000000008000730       0x6c /tmp/ccnNSPcw.ltrans0.ltrans.o
                0x0000000008000730                _port_irq_epilogue
 *fill*         0x000000000800079c        0x4 
 .text.chTMStopMeasurementX
                0x00000000080007a0       0x44 /tmp/ccnNSPcw.ltrans0.ltrans.o
                0x00000000080007a0                chTMStopMeasurementX
 *fill*         0x00000000080007e4        0xc 
 .text.chDbgCheckClassS
                0x00000000080007f0       0x20 /tmp/ccnNSPcw.ltrans0.ltrans.o
                0x00000000080007f0                chDbgCheckClassS
 .text.chSchGoSleepS
                0x0000000008000810       0x2c /tmp/ccnNSPcw.ltrans0.ltrans.o
 *fill*         0x000000000800083c        0x4 
 .text.chDbgCheckClassI
                0x0000000008000840       0x20 /tmp/ccnNSPcw.ltrans0.ltrans.o
                0x0000000008000840                chDbgCheckClassI
 .text.chSchDoRescheduleAhead
                0x0000000008000860       0x44 /tmp/ccnNSPcw.ltrans0.ltrans.o
                0x0000000008000860                chSchDoReschedule
 *fill*         0x00000000080008a4        0xc 
 .text.chSchRescheduleS
                0x00000000080008b0       0x28 /tmp/ccnNSPcw.ltrans0.ltrans.o
                0x00000000080008b0                chSchRescheduleS
 *fill*         0x00000000080008d8        0x8 
 .text.chSchGoSleepTimeoutS
                0x00000000080008e0      0x11c /tmp/ccnNSPcw.ltrans0.ltrans.o
 *fill*         0x00000000080009fc        0x4 
 .text.chThdEnqueueTimeoutS
                0x0000000008000a00       0x28 /tmp/ccnNSPcw.ltrans0.ltrans.o
                0x0000000008000a00                chThdEnqueueTimeoutS
 *fill*         0x0000000008000a28        0x8 
 .text.chSchReadyI
                0x0000000008000a30       0x2c /tmp/ccnNSPcw.ltrans0.ltrans.o
                0x0000000008000a30                chSchReadyI
 *fill*         0x0000000008000a5c        0x4 
 .text.chEvtBroadcastFlagsI
                0x0000000008000a60       0x68 /tmp/ccnNSPcw.ltrans0.ltrans.o
                0x0000000008000a60                chEvtBroadcastFlagsI
 *fill*         0x0000000008000ac8        0x8 
 .text._dbg_check_leave_isr
                0x0000000008000ad0       0x2c /tmp/ccnNSPcw.ltrans0.ltrans.o
                0x0000000008000ad0                _dbg_check_leave_isr
 *fill*         0x0000000008000afc        0x4 
 .text._dbg_check_enter_isr
                0x0000000008000b00       0x2c /tmp/ccnNSPcw.ltrans0.ltrans.o
                0x0000000008000b00                _dbg_check_enter_isr
 *fill*         0x0000000008000b2c        0x4 
 .text.VectorF0
                0x0000000008000b30       0x1c /tmp/ccnNSPcw.ltrans0.ltrans.o
                0x0000000008000b30                VectorF0
 *fill*         0x0000000008000b4c        0x4 
 .text.VectorF8
                0x0000000008000b50        0x4 /tmp/ccnNSPcw.ltrans0.ltrans.o
                0x0000000008000b50                VectorF8
 *fill*         0x0000000008000b54        0xc 
 .text.VectorB4
                0x0000000008000b60       0x1c /tmp/ccnNSPcw.ltrans0.ltrans.o
                0x0000000008000b60                VectorB4
 *fill*         0x0000000008000b7c        0x4 
 .text.Vector158
                0x0000000008000b80       0x34 /tmp/ccnNSPcw.ltrans0.ltrans.o
                0x0000000008000b80                Vector158
 *fill*         0x0000000008000bb4        0xc 
 .text.Vector154
                0x0000000008000bc0       0x34 /tmp/ccnNSPcw.ltrans0.ltrans.o
                0x0000000008000bc0                Vector154
 *fill*         0x0000000008000bf4        0xc 
 .text.Vector150
                0x0000000008000c00       0x34 /tmp/ccnNSPcw.ltrans0.ltrans.o
                0x0000000008000c00                Vector150
 *fill*         0x0000000008000c34        0xc 
 .text.Vector130
                0x0000000008000c40       0x30 /tmp/ccnNSPcw.ltrans0.ltrans.o
                0x0000000008000c40                Vector130
 .text.Vector12C
                0x0000000008000c70       0x34 /tmp/ccnNSPcw.ltrans0.ltrans.o
                0x0000000008000c70                Vector12C
 *fill*         0x0000000008000ca4        0xc 
 .text.Vector128
                0x0000000008000cb0       0x34 /tmp/ccnNSPcw.ltrans0.ltrans.o
                0x0000000008000cb0                Vector128
 *fill*         0x0000000008000ce4        0xc 
 .text.Vector124
                0x0000000008000cf0       0x34 /tmp/ccnNSPcw.ltrans0.ltrans.o
                0x0000000008000cf0                Vector124
 *fill*         0x0000000008000d24        0xc 
 .text.Vector120
                0x0000000008000d30       0x30 /tmp/ccnNSPcw.ltrans0.ltrans.o
                0x0000000008000d30                Vector120
 .text.VectorFC
                0x0000000008000d60       0x34 /tmp/ccnNSPcw.ltrans0.ltrans.o
                0x0000000008000d60                VectorFC
 *fill*         0x0000000008000d94        0xc 
 .text.Vector84
                0x0000000008000da0       0x34 /tmp/ccnNSPcw.ltrans0.ltrans.o
                0x0000000008000da0                Vector84
 *fill*         0x0000000008000dd4        0xc 
 .text.Vector80
                0x0000000008000de0       0x34 /tmp/ccnNSPcw.ltrans0.ltrans.o
                0x0000000008000de0                Vector80
 *fill*         0x0000000008000e14        0xc 
 .text.Vector7C
                0x0000000008000e20       0x30 /tmp/ccnNSPcw.ltrans0.ltrans.o
                0x0000000008000e20                Vector7C
 .text.Vector78
                0x0000000008000e50       0x34 /tmp/ccnNSPcw.ltrans0.ltrans.o
                0x0000000008000e50                Vector78
 *fill*         0x0000000008000e84        0xc 
 .text.Vector74
                0x0000000008000e90       0x34 /tmp/ccnNSPcw.ltrans0.ltrans.o
                0x0000000008000e90                Vector74
 *fill*         0x0000000008000ec4        0xc 
 .text.Vector70
                0x0000000008000ed0       0x34 /tmp/ccnNSPcw.ltrans0.ltrans.o
                0x0000000008000ed0                Vector70
 *fill*         0x0000000008000f04        0xc 
 .text.Vector6C
                0x0000000008000f10       0x30 /tmp/ccnNSPcw.ltrans0.ltrans.o
                0x0000000008000f10                Vector6C
 .text._dbg_check_unlock_from_isr
                0x0000000008000f40       0x24 /tmp/ccnNSPcw.ltrans0.ltrans.o
                0x0000000008000f40                _dbg_check_unlock_from_isr
 *fill*         0x0000000008000f64        0xc 
 .text._dbg_check_lock_from_isr
                0x0000000008000f70       0x24 /tmp/ccnNSPcw.ltrans0.ltrans.o
                0x0000000008000f70                _dbg_check_lock_from_isr
 *fill*         0x0000000008000f94        0xc 
 .text.VectorB0
                0x0000000008000fa0       0xb8 /tmp/ccnNSPcw.ltrans0.ltrans.o
                0x0000000008000fa0                VectorB0
 *fill*         0x0000000008001058        0x8 
 .text.Vector88
                0x0000000008001060       0xa4 /tmp/ccnNSPcw.ltrans0.ltrans.o
                0x0000000008001060                Vector88
 *fill*         0x0000000008001104        0xc 
 .text.adc_lld_serve_rx_interrupt.lto_priv.73
                0x0000000008001110      0x138 /tmp/ccnNSPcw.ltrans0.ltrans.o
                0x0000000008001110                adc_lld_serve_rx_interrupt.lto_priv.73
 *fill*         0x0000000008001248        0x8 
 .text.wakeup   0x0000000008001250       0x60 /tmp/ccnNSPcw.ltrans0.ltrans.o
 .text._dbg_check_unlock
                0x00000000080012b0       0x20 /tmp/ccnNSPcw.ltrans0.ltrans.o
                0x00000000080012b0                _dbg_check_unlock
 .text._dbg_check_lock
                0x00000000080012d0       0x20 /tmp/ccnNSPcw.ltrans0.ltrans.o
                0x00000000080012d0                _dbg_check_lock
 .text.pwmEnablePeriodicNotification
                0x00000000080012f0       0x30 /tmp/ccnNSPcw.ltrans0.ltrans.o
                0x00000000080012f0                pwmEnablePeriodicNotification
 .text.oqWriteTimeout
                0x0000000008001320       0xcc /tmp/ccnNSPcw.ltrans0.ltrans.o
                0x0000000008001320                oqWriteTimeout
 *fill*         0x00000000080013ec        0x4 
 .text._writet.lto_priv.88
                0x00000000080013f0        0x8 /tmp/ccnNSPcw.ltrans0.ltrans.o
                0x00000000080013f0                _writet.lto_priv.88
 *fill*         0x00000000080013f8        0x8 
 .text._write.lto_priv.82
                0x0000000008001400        0xc /tmp/ccnNSPcw.ltrans0.ltrans.o
                0x0000000008001400                _write.lto_priv.82
 *fill*         0x000000000800140c        0x4 
 .text.oqPutTimeout
                0x0000000008001410       0x60 /tmp/ccnNSPcw.ltrans0.ltrans.o
 .text._putt.lto_priv.86
                0x0000000008001470        0x8 /tmp/ccnNSPcw.ltrans0.ltrans.o
                0x0000000008001470                _putt.lto_priv.86
 *fill*         0x0000000008001478        0x8 
 .text._put.lto_priv.84
                0x0000000008001480        0xc /tmp/ccnNSPcw.ltrans0.ltrans.o
                0x0000000008001480                _put.lto_priv.84
 *fill*         0x000000000800148c        0x4 
 .text.iqReadTimeout
                0x0000000008001490       0xcc /tmp/ccnNSPcw.ltrans0.ltrans.o
                0x0000000008001490                iqReadTimeout
 *fill*         0x000000000800155c        0x4 
 .text._readt.lto_priv.89
                0x0000000008001560        0x8 /tmp/ccnNSPcw.ltrans0.ltrans.o
                0x0000000008001560                _readt.lto_priv.89
 *fill*         0x0000000008001568        0x8 
 .text._read.lto_priv.83
                0x0000000008001570        0xc /tmp/ccnNSPcw.ltrans0.ltrans.o
                0x0000000008001570                _read.lto_priv.83
 *fill*         0x000000000800157c        0x4 
 .text.iqGetTimeout
                0x0000000008001580       0x60 /tmp/ccnNSPcw.ltrans0.ltrans.o
 .text._gett.lto_priv.87
                0x00000000080015e0        0x8 /tmp/ccnNSPcw.ltrans0.ltrans.o
                0x00000000080015e0                _gett.lto_priv.87
 *fill*         0x00000000080015e8        0x8 
 .text._get.lto_priv.85
                0x00000000080015f0        0xc /tmp/ccnNSPcw.ltrans0.ltrans.o
                0x00000000080015f0                _get.lto_priv.85
 *fill*         0x00000000080015fc        0x4 
 .text.chCoreAllocAligned
                0x0000000008001600       0x48 /tmp/ccnNSPcw.ltrans0.ltrans.o
                0x0000000008001600                chCoreAllocAligned
 *fill*         0x0000000008001648        0x8 
 .text.chEvtWaitAny
                0x0000000008001650       0x3c /tmp/ccnNSPcw.ltrans0.ltrans.o
                0x0000000008001650                chEvtWaitAny
 *fill*         0x000000000800168c        0x4 
 .text.chEvtBroadcastFlags
                0x0000000008001690       0x20 /tmp/ccnNSPcw.ltrans0.ltrans.o
                0x0000000008001690                chEvtBroadcastFlags
 .text.chEvtRegisterMaskWithFlags
                0x00000000080016b0       0x34 /tmp/ccnNSPcw.ltrans0.ltrans.o
                0x00000000080016b0                chEvtRegisterMaskWithFlags
 *fill*         0x00000000080016e4        0xc 
 .text.chThdSleep
                0x00000000080016f0       0x20 /tmp/ccnNSPcw.ltrans0.ltrans.o
                0x00000000080016f0                chThdSleep
 .text.chThdExit
                0x0000000008001710       0x54 /tmp/ccnNSPcw.ltrans0.ltrans.o
                0x0000000008001710                chThdExit
 *fill*         0x0000000008001764        0xc 
 .text.chSysGetStatusAndLockX.part.1
                0x0000000008001770       0x20 /tmp/ccnNSPcw.ltrans0.ltrans.o
                0x0000000008001770                chSysGetStatusAndLockX.part.1
 .text.chSysRestoreStatusX
                0x0000000008001790       0x28 /tmp/ccnNSPcw.ltrans0.ltrans.o
                0x0000000008001790                chSysRestoreStatusX
 *fill*         0x00000000080017b8        0x8 
 .text._unhandled_exception
                0x00000000080017c0        0x4 /tmp/ccnNSPcw.ltrans0.ltrans.o
                0x00000000080017c0                Vector58
                0x00000000080017c0                VectorE8
                0x00000000080017c0                Vector9C
                0x00000000080017c0                VectorAC
                0x00000000080017c0                DebugMon_Handler
                0x00000000080017c0                Vector1A0
                0x00000000080017c0                Vector5C
                0x00000000080017c0                Vector11C
                0x00000000080017c0                HardFault_Handler
                0x00000000080017c0                Vector1B8
                0x00000000080017c0                Vector19C
                0x00000000080017c0                Vector8C
                0x00000000080017c0                SysTick_Handler
                0x00000000080017c0                VectorDC
                0x00000000080017c0                PendSV_Handler
                0x00000000080017c0                Vector168
                0x00000000080017c0                NMI_Handler
                0x00000000080017c0                Vector110
                0x00000000080017c0                VectorC8
                0x00000000080017c0                Vector94
                0x00000000080017c0                VectorA8
                0x00000000080017c0                Vector160
                0x00000000080017c0                Vector1B0
                0x00000000080017c0                UsageFault_Handler
                0x00000000080017c0                VectorEC
                0x00000000080017c0                Vector40
                0x00000000080017c0                Vector108
                0x00000000080017c0                VectorBC
                0x00000000080017c0                Vector190
                0x00000000080017c0                Vector148
                0x00000000080017c0                Vector188
                0x00000000080017c0                Vector198
                0x00000000080017c0                Vector118
                0x00000000080017c0                Vector64
                0x00000000080017c0                VectorCC
                0x00000000080017c0                Vector54
                0x00000000080017c0                Vector98
                0x00000000080017c0                Vector138
                0x00000000080017c0                Vector24
                0x00000000080017c0                Vector1AC
                0x00000000080017c0                Vector178
                0x00000000080017c0                Vector1A4
                0x00000000080017c0                VectorD0
                0x00000000080017c0                Vector1B4
                0x00000000080017c0                Vector140
                0x00000000080017c0                VectorE4
                0x00000000080017c0                VectorC0
                0x00000000080017c0                Vector134
                0x00000000080017c0                Vector13C
                0x00000000080017c0                Vector100
                0x00000000080017c0                VectorE0
                0x00000000080017c0                VectorF4
                0x00000000080017c0                MemManage_Handler
                0x00000000080017c0                VectorA0
                0x00000000080017c0                VectorC4
                0x00000000080017c0                Vector180
                0x00000000080017c0                Vector90
                0x00000000080017c0                Vector114
                0x00000000080017c0                Vector164
                0x00000000080017c0                Vector60
                0x00000000080017c0                Vector1C
                0x00000000080017c0                Vector1BC
                0x00000000080017c0                Vector17C
                0x00000000080017c0                Vector48
                0x00000000080017c0                Vector1A8
                0x00000000080017c0                Vector16C
                0x00000000080017c0                VectorD4
                0x00000000080017c0                Vector4C
                0x00000000080017c0                Vector144
                0x00000000080017c0                Vector15C
                0x00000000080017c0                Vector68
                0x00000000080017c0                _unhandled_exception
                0x00000000080017c0                Vector170
                0x00000000080017c0                Vector104
                0x00000000080017c0                Vector184
                0x00000000080017c0                Vector10C
                0x00000000080017c0                Vector14C
                0x00000000080017c0                BusFault_Handler
                0x00000000080017c0                Vector50
                0x00000000080017c0                Vector194
                0x00000000080017c0                Vector44
                0x00000000080017c0                Vector28
                0x00000000080017c0                VectorB8
                0x00000000080017c0                Vector34
                0x00000000080017c0                VectorA4
                0x00000000080017c0                Vector20
                0x00000000080017c0                Vector18C
                0x00000000080017c0                Vector174
 *fill*         0x00000000080017c4        0xc 
 .text.__init_ram_areas
                0x00000000080017d0       0x60 /tmp/ccnNSPcw.ltrans0.ltrans.o
                0x00000000080017d0                __init_ram_areas
 .text.__default_exit
                0x0000000008001830        0x4 /tmp/ccnNSPcw.ltrans0.ltrans.o
                0x0000000008001830                __default_exit
 *fill*         0x0000000008001834        0xc 
 .text.__late_init
                0x0000000008001840        0x4 /tmp/ccnNSPcw.ltrans0.ltrans.o
                0x0000000008001840                __late_init
 *fill*         0x0000000008001844        0xc 
 .text.__core_init
                0x0000000008001850        0x4 /tmp/ccnNSPcw.ltrans0.ltrans.o
                0x0000000008001850                __core_init
 *fill*         0x0000000008001854        0xc 
 .text._ZN10chibios_rt10_thd_startEPv
                0x0000000008001860        0x8 /tmp/ccnNSPcw.ltrans1.ltrans.o
                0x0000000008001860                chibios_rt::_thd_start(void*)
 *fill*         0x0000000008001868        0x8 
 .text.notify2  0x0000000008001870       0x10 /tmp/ccnNSPcw.ltrans1.ltrans.o
 .text._ZN10chibios_rt15ThreadReference4stopEv
                0x0000000008001880       0x14 /tmp/ccnNSPcw.ltrans1.ltrans.o
                0x0000000008001880                chibios_rt::ThreadReference::stop()
 *fill*         0x0000000008001894        0xc 
 .text.VectorD8
                0x00000000080018a0      0x1e4 /tmp/ccnNSPcw.ltrans1.ltrans.o
 *fill*         0x0000000008001a84        0xc 
 .text.__early_init
                0x0000000008001a90      0x154 /tmp/ccnNSPcw.ltrans1.ltrans.o
                0x0000000008001a90                __early_init
 *fill*         0x0000000008001be4        0xc 
 .text.pwm_lld_serve_interrupt
                0x0000000008001bf0       0x5c /tmp/ccnNSPcw.ltrans1.ltrans.o
                0x0000000008001bf0                pwm_lld_serve_interrupt
 *fill*         0x0000000008001c4c        0x4 
 .text.startup.main
                0x0000000008001c50      0x8ac /tmp/ccnNSPcw.ltrans1.ltrans.o
                0x0000000008001c50                main
 *fill*         0x00000000080024fc        0x4 
 .text.startup._ZN10CommandsTh4mainEv
                0x0000000008002500       0x74 /tmp/ccnNSPcw.ltrans2.ltrans.o
                0x0000000008002500                CommandsTh::main()
 *fill*         0x0000000008002574        0xc 
 .text._ZN10chibios_rt16BaseStaticThreadILi1024EE5startEm
                0x0000000008002580       0x28 /tmp/ccnNSPcw.ltrans2.ltrans.o
                0x0000000008002580                chibios_rt::BaseStaticThread<1024>::start(unsigned long)
 *fill*         0x00000000080025a8        0x8 
 .text._ZN10chibios_rt16BaseStaticThreadILi256EE5startEm
                0x00000000080025b0       0x28 /tmp/ccnNSPcw.ltrans2.ltrans.o
                0x00000000080025b0                chibios_rt::BaseStaticThread<256>::start(unsigned long)
 *fill*         0x00000000080025d8        0x8 
 .text._ZSt16__introsort_loopIPtiN9__gnu_cxx5__ops15_Iter_less_iterEEvT_S4_T0_T1_.isra.18
                0x00000000080025e0      0x100 /tmp/ccnNSPcw.ltrans2.ltrans.o
 .text._ZSt16__insertion_sortIPtN9__gnu_cxx5__ops15_Iter_less_iterEEvT_S4_T0_.isra.9
                0x00000000080026e0       0x78 /tmp/ccnNSPcw.ltrans2.ltrans.o
 *fill*         0x0000000008002758        0x8 
 .text._ZN10ADCManager9adccb_sinEP9ADCDriverPtj
                0x0000000008002760      0x184 /tmp/ccnNSPcw.ltrans2.ltrans.o
                0x0000000008002760                ADCManager::adccb_sin(ADCDriver*, unsigned short*, unsigned int)
 *fill*         0x00000000080028e4        0xc 
 .text.startup._ZN16currentControlTh4mainEv
                0x00000000080028f0      0x6c0 /tmp/ccnNSPcw.ltrans2.ltrans.o
                0x00000000080028f0                currentControlTh::main()
 .text.startup._GLOBAL__I_65535_0_crt1.o.16383
                0x0000000008002fb0      0x1e4 /tmp/ccnNSPcw.ltrans3.ltrans.o
 *fill*         0x0000000008003194        0xc 
 .text.chSchWakeupS.constprop.70
                0x00000000080031a0       0x5c /tmp/ccnNSPcw.ltrans3.ltrans.o
                0x00000000080031a0                chSchWakeupS.constprop.70
 *fill*         0x00000000080031fc        0x4 
 .text.chTMStartMeasurementX.constprop.66
                0x0000000008003200        0xc /tmp/ccnNSPcw.ltrans3.ltrans.o
                0x0000000008003200                chTMStartMeasurementX.constprop.66
 *fill*         0x000000000800320c        0x4 
 .text.chThdDequeueNextI.constprop.63
                0x0000000008003210       0x18 /tmp/ccnNSPcw.ltrans3.ltrans.o
                0x0000000008003210                chThdDequeueNextI.constprop.63
 *fill*         0x0000000008003228        0x8 
 .text.chPoolAllocI.constprop.53
                0x0000000008003230       0x28 /tmp/ccnNSPcw.ltrans3.ltrans.o
                0x0000000008003230                chPoolAllocI.constprop.53
 *fill*         0x0000000008003258        0x8 
 .text.adc_lld_start_conversion.constprop.35
                0x0000000008003260       0x98 /tmp/ccnNSPcw.ltrans3.ltrans.o
                0x0000000008003260                adc_lld_start_conversion.constprop.35
 *fill*         0x00000000080032f8        0x8 
 .text.chprintf.constprop.23
                0x0000000008003300      0x3c4 /tmp/ccnNSPcw.ltrans3.ltrans.o
                0x0000000008003300                chprintf.constprop.23
 *fill*         0x00000000080036c4        0xc 
 .text._ZN16ThreePhaseDriver12enableOutputEv.constprop.5
                0x00000000080036d0       0x50 /tmp/ccnNSPcw.ltrans3.ltrans.o
                0x00000000080036d0                ThreePhaseDriver::enableOutput() [clone .constprop.5]
 .text._ZSt13__adjust_heapIPtitN9__gnu_cxx5__ops15_Iter_less_iterEEvT_T0_S5_T1_T2_.constprop.0
                0x0000000008003720       0xbc /tmp/ccnNSPcw.ltrans3.ltrans.o
                0x0000000008003720                void std::__adjust_heap<unsigned short*, int, unsigned short, __gnu_cxx::__ops::_Iter_less_iter>(unsigned short*, int, int, unsigned short, __gnu_cxx::__ops::_Iter_less_iter) [clone .constprop.0]
 *fill*         0x00000000080037dc        0x4 
 .text.chThdCreateStatic.constprop.64
                0x00000000080037e0       0x90 /tmp/ccnNSPcw.ltrans3.ltrans.o
                0x00000000080037e0                chThdCreateStatic.constprop.64
 .text._ZN10chibios_rt16BaseStaticThreadILi512EE5startEm
                0x0000000008003870       0x28 /tmp/ccnNSPcw.ltrans3.ltrans.o
 *fill*         0x0000000008003898        0x8 
 .text.startup._ZN12ControllerTh4mainEv
                0x00000000080038a0      0x254 /tmp/ccnNSPcw.ltrans3.ltrans.o
 *fill*         0x0000000008003af4        0xc 
 .text._ZN16ThreePhaseDriver14simpleCallBackEP9PWMDriver
                0x0000000008003b00       0x48 /tmp/ccnNSPcw.ltrans4.ltrans.o
                0x0000000008003b00                ThreePhaseDriver::simpleCallBack(PWMDriver*)
 *fill*         0x0000000008003b48        0x8 
 .text._ZN16ThreePhaseDriver11sinCallBackEP9PWMDriver
                0x0000000008003b50       0x4c /tmp/ccnNSPcw.ltrans4.ltrans.o
                0x0000000008003b50                ThreePhaseDriver::sinCallBack(PWMDriver*)
 *fill*         0x0000000008003b9c        0x4 
 .text._ZN10chibios_rt16BaseStaticThreadILi128EE5startEm
                0x0000000008003ba0       0x28 /tmp/ccnNSPcw.ltrans4.ltrans.o
                0x0000000008003ba0                chibios_rt::BaseStaticThread<128>::start(unsigned long)
 *fill*         0x0000000008003bc8        0x8 
 .text.startup._ZN12TesterThread4mainEv
                0x0000000008003bd0       0x5c /tmp/ccnNSPcw.ltrans4.ltrans.o
                0x0000000008003bd0                TesterThread::main()
 *fill*         0x0000000008003c2c        0x4 
 .text.startup._ZN16ThreePhaseDriver4mainEv
                0x0000000008003c30      0x34c /tmp/ccnNSPcw.ltrans4.ltrans.o
                0x0000000008003c30                ThreePhaseDriver::main()
 .text.memmove  0x0000000008003f7c       0xc8 /home/weekend/opt/gcc-arm-none-eabi-6-2017-q1-update/bin/../lib/gcc/arm-none-eabi/6.3.1/../../../../arm-none-eabi/lib/thumb/v7e-m/fpv4-sp/hard/libg.a(lib_a-memmove.o)
                0x0000000008003f7c                memmove
 .text.memset   0x0000000008004044       0x9c /home/weekend/opt/gcc-arm-none-eabi-6-2017-q1-update/bin/../lib/gcc/arm-none-eabi/6.3.1/../../../../arm-none-eabi/lib/thumb/v7e-m/fpv4-sp/hard/libg.a(lib_a-memset.o)
                0x0000000008004044                memset
 *(.glue_7t)
 .glue_7t       0x00000000080040e0        0x0 linker stubs
 *(.glue_7)
 .glue_7        0x00000000080040e0        0x0 linker stubs
 *(.gcc*)

.vfp11_veneer   0x00000000080040e0        0x0
 .vfp11_veneer  0x00000000080040e0        0x0 linker stubs

.v4_bx          0x00000000080040e0        0x0
 .v4_bx         0x00000000080040e0        0x0 linker stubs

.iplt           0x00000000080040e0        0x0
 .iplt          0x00000000080040e0        0x0 build/obj/crt0_v7m.o

.rodata         0x00000000080040e0      0xf84
                0x00000000080040e0                . = ALIGN (0x4)
                0x00000000080040e0                __rodata_base__ = .
 *(.rodata)
 .rodata        0x00000000080040e0      0xc78 /tmp/ccnNSPcw.ltrans3.ltrans.o
 *(.rodata.*)
 .rodata._dbg_check_enter_isr.str1.4
                0x0000000008004d58        0x5 /tmp/ccnNSPcw.ltrans0.ltrans.o
 *fill*         0x0000000008004d5d        0x3 
 .rodata._dbg_check_leave_isr.str1.4
                0x0000000008004d60        0x5 /tmp/ccnNSPcw.ltrans0.ltrans.o
 *fill*         0x0000000008004d65        0x3 
 .rodata._dbg_check_lock.str1.4
                0x0000000008004d68        0x5 /tmp/ccnNSPcw.ltrans0.ltrans.o
 *fill*         0x0000000008004d6d        0x3 
 .rodata._dbg_check_lock_from_isr.str1.4
                0x0000000008004d70        0x5 /tmp/ccnNSPcw.ltrans0.ltrans.o
 *fill*         0x0000000008004d75        0x3 
 .rodata._dbg_check_unlock.str1.4
                0x0000000008004d78        0x5 /tmp/ccnNSPcw.ltrans0.ltrans.o
 *fill*         0x0000000008004d7d        0x3 
 .rodata._dbg_check_unlock_from_isr.str1.4
                0x0000000008004d80        0x5 /tmp/ccnNSPcw.ltrans0.ltrans.o
 *fill*         0x0000000008004d85        0x3 
 .rodata.chDbgCheckClassI.str1.4
                0x0000000008004d88        0x6 /tmp/ccnNSPcw.ltrans0.ltrans.o
 *fill*         0x0000000008004d8e        0x2 
 .rodata.chDbgCheckClassS.str1.4
                0x0000000008004d90        0x6 /tmp/ccnNSPcw.ltrans0.ltrans.o
 *fill*         0x0000000008004d96        0x2 
 .rodata.ram_areas
                0x0000000008004d98       0x80 /tmp/ccnNSPcw.ltrans0.ltrans.o
 .rodata._ZN10chibios_rt15ThreadReference4stopEv.str1.4
                0x0000000008004e18       0x24 /tmp/ccnNSPcw.ltrans1.ltrans.o
 .rodata._stm32_dma_streams
                0x0000000008004e3c       0xc0 /tmp/ccnNSPcw.ltrans1.ltrans.o
 .rodata.ch_debug
                0x0000000008004efc       0x16 /tmp/ccnNSPcw.ltrans1.ltrans.o
 *fill*         0x0000000008004f12        0x2 
 .rodata.main.str1.4
                0x0000000008004f14        0xd /tmp/ccnNSPcw.ltrans1.ltrans.o
 *fill*         0x0000000008004f21        0x3 
 .rodata.vmt    0x0000000008004f24       0x20 /tmp/ccnNSPcw.ltrans1.ltrans.o
 .rodata._ZN10CommandsTh4mainEv.str1.4
                0x0000000008004f44       0x15 /tmp/ccnNSPcw.ltrans2.ltrans.o
 *fill*         0x0000000008004f59        0x3 
 .rodata._ZN16currentControlTh4mainEv.str1.4
                0x0000000008004f5c       0x52 /tmp/ccnNSPcw.ltrans2.ltrans.o
 *fill*         0x0000000008004fae        0x2 
 .rodata._ZTV10CommandsTh
                0x0000000008004fb0       0x14 /tmp/ccnNSPcw.ltrans3.ltrans.o
 .rodata._ZTV12ControllerTh
                0x0000000008004fc4       0x14 /tmp/ccnNSPcw.ltrans3.ltrans.o
 .rodata._ZTV12TesterThread
                0x0000000008004fd8       0x14 /tmp/ccnNSPcw.ltrans3.ltrans.o
 .rodata._ZTV16ThreePhaseDriver
                0x0000000008004fec       0x14 /tmp/ccnNSPcw.ltrans3.ltrans.o
 .rodata._ZTV16currentControlTh
                0x0000000008005000       0x14 /tmp/ccnNSPcw.ltrans3.ltrans.o
 .rodata._ZTVN10chibios_rt15ThreadReferenceE
                0x0000000008005014        0xc /tmp/ccnNSPcw.ltrans3.ltrans.o
                0x0000000008005014                vtable for chibios_rt::ThreadReference
 .rodata.chThdCreateStatic.constprop.64.str1.4
                0x0000000008005020        0x7 /tmp/ccnNSPcw.ltrans3.ltrans.o
 *fill*         0x0000000008005027        0x1 
 .rodata.chprintf.constprop.23.str1.4
                0x0000000008005028        0x7 /tmp/ccnNSPcw.ltrans3.ltrans.o
 *fill*         0x000000000800502f        0x1 
 .rodata._ZN10ADCManager9adccg_sinE
                0x0000000008005030       0x28 /tmp/ccnNSPcw.ltrans4.ltrans.o
 .rodata._ZN12TesterThread4mainEv.str1.4
                0x0000000008005058        0x7 /tmp/ccnNSPcw.ltrans4.ltrans.o
 *fill*         0x000000000800505f        0x1 
 .rodata._ZN16ThreePhaseDriver4mainEv.str1.4
                0x0000000008005060        0x4 /tmp/ccnNSPcw.ltrans4.ltrans.o
                0x0000000008005064                . = ALIGN (0x4)
                0x0000000008005064                __rodata_end__ = .

.ARM.extab
 *(.ARM.extab* .gnu.linkonce.armextab.*)

.ARM.exidx      0x0000000008005064        0x8
                0x0000000008005064                __exidx_start = .
 *(.ARM.exidx* .gnu.linkonce.armexidx.*)
 .ARM.exidx.text._ZN10chibios_rt10_thd_startEPv
                0x0000000008005064        0x8 /tmp/ccnNSPcw.ltrans1.ltrans.o
 .ARM.exidx.text._ZN10chibios_rt15ThreadReference4stopEv
                0x000000000800506c        0x0 /tmp/ccnNSPcw.ltrans1.ltrans.o
                                          0x8 (size before relaxing)
 .ARM.exidx.text.startup.main
                0x000000000800506c        0x0 /tmp/ccnNSPcw.ltrans1.ltrans.o
                                          0x8 (size before relaxing)
 .ARM.exidx.text.startup._ZN10CommandsTh4mainEv
                0x000000000800506c        0x0 /tmp/ccnNSPcw.ltrans2.ltrans.o
                                          0x8 (size before relaxing)
 .ARM.exidx.text._ZN10chibios_rt16BaseStaticThreadILi1024EE5startEm
                0x000000000800506c        0x0 /tmp/ccnNSPcw.ltrans2.ltrans.o
                                          0x8 (size before relaxing)
 .ARM.exidx.text._ZN10chibios_rt16BaseStaticThreadILi256EE5startEm
                0x000000000800506c        0x0 /tmp/ccnNSPcw.ltrans2.ltrans.o
                                          0x8 (size before relaxing)
 .ARM.exidx.text._ZSt16__introsort_loopIPtiN9__gnu_cxx5__ops15_Iter_less_iterEEvT_S4_T0_T1_.isra.18
                0x000000000800506c        0x0 /tmp/ccnNSPcw.ltrans2.ltrans.o
                                          0x8 (size before relaxing)
 .ARM.exidx.text._ZSt16__insertion_sortIPtN9__gnu_cxx5__ops15_Iter_less_iterEEvT_S4_T0_.isra.9
                0x000000000800506c        0x0 /tmp/ccnNSPcw.ltrans2.ltrans.o
                                          0x8 (size before relaxing)
 .ARM.exidx.text._ZN10ADCManager9adccb_sinEP9ADCDriverPtj
                0x000000000800506c        0x0 /tmp/ccnNSPcw.ltrans2.ltrans.o
                                          0x8 (size before relaxing)
 .ARM.exidx.text.startup._ZN16currentControlTh4mainEv
                0x000000000800506c        0x0 /tmp/ccnNSPcw.ltrans2.ltrans.o
                                          0x8 (size before relaxing)
 .ARM.exidx.text.startup._GLOBAL__I_65535_0_crt1.o.16383
                0x000000000800506c        0x0 /tmp/ccnNSPcw.ltrans3.ltrans.o
                                          0x8 (size before relaxing)
 .ARM.exidx.text._ZN16ThreePhaseDriver12enableOutputEv.constprop.5
                0x000000000800506c        0x0 /tmp/ccnNSPcw.ltrans3.ltrans.o
                                          0x8 (size before relaxing)
 .ARM.exidx.text._ZSt13__adjust_heapIPtitN9__gnu_cxx5__ops15_Iter_less_iterEEvT_T0_S5_T1_T2_.constprop.0
                0x000000000800506c        0x0 /tmp/ccnNSPcw.ltrans3.ltrans.o
                                          0x8 (size before relaxing)
 .ARM.exidx.text._ZN10chibios_rt16BaseStaticThreadILi512EE5startEm
                0x000000000800506c        0x0 /tmp/ccnNSPcw.ltrans3.ltrans.o
                                          0x8 (size before relaxing)
 .ARM.exidx.text.startup._ZN12ControllerTh4mainEv
                0x000000000800506c        0x0 /tmp/ccnNSPcw.ltrans3.ltrans.o
                                          0x8 (size before relaxing)
 .ARM.exidx.text._ZN16ThreePhaseDriver14simpleCallBackEP9PWMDriver
                0x000000000800506c        0x0 /tmp/ccnNSPcw.ltrans4.ltrans.o
                                          0x8 (size before relaxing)
 .ARM.exidx.text._ZN16ThreePhaseDriver11sinCallBackEP9PWMDriver
                0x000000000800506c        0x0 /tmp/ccnNSPcw.ltrans4.ltrans.o
                                          0x8 (size before relaxing)
 .ARM.exidx.text._ZN10chibios_rt16BaseStaticThreadILi128EE5startEm
                0x000000000800506c        0x0 /tmp/ccnNSPcw.ltrans4.ltrans.o
                                          0x8 (size before relaxing)
 .ARM.exidx.text.startup._ZN12TesterThread4mainEv
                0x000000000800506c        0x0 /tmp/ccnNSPcw.ltrans4.ltrans.o
                                          0x8 (size before relaxing)
 .ARM.exidx.text.startup._ZN16ThreePhaseDriver4mainEv
                0x000000000800506c        0x0 /tmp/ccnNSPcw.ltrans4.ltrans.o
                                          0x8 (size before relaxing)
                0x000000000800506c                __exidx_end = .

.rel.dyn        0x000000000800506c        0x0
 .rel.iplt      0x000000000800506c        0x0 build/obj/crt0_v7m.o

.eh_frame_hdr
 *(.eh_frame_hdr)

.eh_frame
 *(.eh_frame)
                0x0000000020000000                __ram0_start__ = ORIGIN (ram0)
                0x0000000000020000                __ram0_size__ = LENGTH (ram0)
                0x0000000020020000                __ram0_end__ = (__ram0_start__ + __ram0_size__)
                0x0000000020000000                __ram1_start__ = ORIGIN (ram1)
                0x000000000001c000                __ram1_size__ = LENGTH (ram1)
                0x000000002001c000                __ram1_end__ = (__ram1_start__ + __ram1_size__)
                0x0000000000000000                __ram2_start__ = ORIGIN (ram2)
                0x0000000000004000                __ram2_size__ = LENGTH (ram2)
                0x0000000000004000                __ram2_end__ = (__ram2_start__ + __ram2_size__)
                0x0000000000000000                __ram3_start__ = ORIGIN (ram3)
                0x0000000000000000                __ram3_size__ = LENGTH (ram3)
                0x0000000000000000                __ram3_end__ = (__ram3_start__ + __ram3_size__)
                0x0000000000000000                __ram4_start__ = ORIGIN (ram4)
                0x0000000000000000                __ram4_size__ = LENGTH (ram4)
                0x0000000000000000                __ram4_end__ = (__ram4_start__ + __ram4_size__)
                0x0000000000000000                __ram5_start__ = ORIGIN (ram5)
                0x0000000000000000                __ram5_size__ = LENGTH (ram5)
                0x0000000000000000                __ram5_end__ = (__ram5_start__ + __ram5_size__)
                0x0000000000000000                __ram6_start__ = ORIGIN (ram6)
                0x0000000000000000                __ram6_size__ = LENGTH (ram6)
                0x0000000000000000                __ram6_end__ = (__ram6_start__ + __ram6_size__)
                0x0000000000000000                __ram7_start__ = ORIGIN (ram7)
                0x0000000000000000                __ram7_size__ = LENGTH (ram7)
                0x0000000000000000                __ram7_end__ = (__ram7_start__ + __ram7_size__)

.data           0x0000000020000800        0xc load address 0x000000000800506c
                0x0000000020000800                . = ALIGN (0x4)
                [!provide]                        PROVIDE (_textdata, LOADADDR (.data))
                [!provide]                        PROVIDE (_data, .)
                0x000000000800506c                _textdata_start = LOADADDR (.data)
                0x0000000020000800                _data_start = .
 *(.data)
 *(.data.*)
 .data._ZL7uartCfg
                0x0000000020000800        0xc /tmp/ccnNSPcw.ltrans1.ltrans.o
 *(.ramtext)
                0x000000002000080c                . = ALIGN (0x4)
                [!provide]                        PROVIDE (_edata, .)
                0x000000002000080c                _data_end = .

.igot.plt       0x000000002000080c        0x0 load address 0x0000000008005078
 .igot.plt      0x000000002000080c        0x0 build/obj/crt0_v7m.o

.bss            0x0000000020000810     0x29fc load address 0x0000000008005078
                0x0000000020000810                . = ALIGN (0x4)
                0x0000000020000810                _bss_start = .
 *(.bss)
 *(.bss.*)
 .bss.SPID1     0x0000000020000810       0x30 /tmp/ccnNSPcw.ltrans1.ltrans.o
 .bss.ch_idle_thread_wa
                0x0000000020000840      0x160 /tmp/ccnNSPcw.ltrans1.ltrans.o
 .bss.default_heap
                0x00000000200009a0       0x20 /tmp/ccnNSPcw.ltrans1.ltrans.o
 .bss.endmem.lto_priv.91
                0x00000000200009c0        0x4 /tmp/ccnNSPcw.ltrans1.ltrans.o
                0x00000000200009c0                endmem.lto_priv.91
 .bss.nextmem.lto_priv.90
                0x00000000200009c4        0x4 /tmp/ccnNSPcw.ltrans1.ltrans.o
                0x00000000200009c4                nextmem.lto_priv.90
 .bss._ZN10ADCManager19current_used_bufferE
                0x00000000200009c8        0x4 /tmp/ccnNSPcw.ltrans2.ltrans.o
 .bss._ZN10ADCManager19samples_average_bufE
                0x00000000200009cc       0x18 /tmp/ccnNSPcw.ltrans2.ltrans.o
 .bss._ZN10ADCManager20current_event_sourceE
                0x00000000200009e4        0x4 /tmp/ccnNSPcw.ltrans2.ltrans.o
 .bss._ZN10ADCManager25current_used_buffer_indexE
                0x00000000200009e8        0x4 /tmp/ccnNSPcw.ltrans2.ltrans.o
 .bss._ZN10ADCManager5stateE
                0x00000000200009ec        0x1 /tmp/ccnNSPcw.ltrans2.ltrans.o
 *fill*         0x00000000200009ed        0x3 
 .bss._ZN10ADCManager8adcindexE
                0x00000000200009f0        0x4 /tmp/ccnNSPcw.ltrans2.ltrans.o
 .bss._ZZN10ADCManager9adccb_sinEP9ADCDriverPtjE10tempBuffer
                0x00000000200009f4       0x18 /tmp/ccnNSPcw.ltrans2.ltrans.o
 .bss._ZZN16currentControlTh4mainEvE5value
                0x0000000020000a0c        0x4 /tmp/ccnNSPcw.ltrans2.ltrans.o
 .bss.dma_isr_redir.lto_priv.80
                0x0000000020000a10       0x80 /tmp/ccnNSPcw.ltrans2.ltrans.o
                0x0000000020000a10                dma_isr_redir.lto_priv.80
 .bss.dma_streams_mask.lto_priv.79
                0x0000000020000a90        0x4 /tmp/ccnNSPcw.ltrans2.ltrans.o
                0x0000000020000a90                dma_streams_mask.lto_priv.79
 .bss.ADCD1     0x0000000020000a94       0x34 /tmp/ccnNSPcw.ltrans3.ltrans.o
                0x0000000020000a94                ADCD1
 .bss.PWMD8     0x0000000020000ac8       0x1c /tmp/ccnNSPcw.ltrans3.ltrans.o
                0x0000000020000ac8                PWMD8
 .bss.SD2       0x0000000020000ae4       0x9c /tmp/ccnNSPcw.ltrans3.ltrans.o
                0x0000000020000ae4                SD2
 .bss._ZL10commandsTh.lto_priv.77
                0x0000000020000b80      0x260 /tmp/ccnNSPcw.ltrans3.ltrans.o
                0x0000000020000b80                _ZL10commandsTh.lto_priv.77
 .bss._ZL16threePhaseDriver.lto_priv.78
                0x0000000020000de0      0xe18 /tmp/ccnNSPcw.ltrans3.ltrans.o
                0x0000000020000de0                _ZL16threePhaseDriver.lto_priv.78
 .bss._ZL8testerTh.lto_priv.75
                0x0000000020001bf8      0x1e0 /tmp/ccnNSPcw.ltrans3.ltrans.o
                0x0000000020001bf8                _ZL8testerTh.lto_priv.75
 .bss._ZL9controlTh.lto_priv.76
                0x0000000020001dd8      0x398 /tmp/ccnNSPcw.ltrans3.ltrans.o
                0x0000000020001dd8                _ZL9controlTh.lto_priv.76
 .bss._ZL9currentTh.lto_priv.74
                0x0000000020002170      0x7c8 /tmp/ccnNSPcw.ltrans3.ltrans.o
                0x0000000020002170                _ZL9currentTh.lto_priv.74
 .bss._ZN10ADCManager20current_free_buffersE
                0x0000000020002938      0x7dc /tmp/ccnNSPcw.ltrans3.ltrans.o
                0x0000000020002938                ADCManager::current_free_buffers
 .bss._ZN10ADCManager22current_filled_buffersE
                0x0000000020003114       0x50 /tmp/ccnNSPcw.ltrans3.ltrans.o
                0x0000000020003114                ADCManager::current_filled_buffers
 .bss.ch        0x0000000020003164       0x80 /tmp/ccnNSPcw.ltrans3.ltrans.o
                0x0000000020003164                ch
 .bss.PWMD3     0x00000000200031e4       0x1c /tmp/ccnNSPcw.ltrans4.ltrans.o
                0x00000000200031e4                PWMD3
 .bss._ZN10ADCManager11samples_bufE
                0x0000000020003200        0xc /tmp/ccnNSPcw.ltrans4.ltrans.o
 *(COMMON)
                0x000000002000320c                . = ALIGN (0x4)
                0x000000002000320c                _bss_end = .
                [!provide]                        PROVIDE (end, .)

.ram0_init      0x000000002000320c        0x0 load address 0x0000000008005078
                0x000000002000320c                . = ALIGN (0x4)
                0x0000000008005078                __ram0_init_text__ = LOADADDR (.ram0_init)
                0x000000002000320c                __ram0_init__ = .
 *(.ram0_init)
 *(.ram0_init.*)
                0x000000002000320c                . = ALIGN (0x4)

.ram0           0x000000002000320c        0x0 load address 0x0000000008005078
                0x000000002000320c                . = ALIGN (0x4)
                0x000000002000320c                __ram0_clear__ = .
 *(.ram0_clear)
 *(.ram0_clear.*)
                0x000000002000320c                . = ALIGN (0x4)
                0x000000002000320c                __ram0_noinit__ = .
 *(.ram0)
 *(.ram0.*)
                0x000000002000320c                . = ALIGN (0x4)
                0x000000002000320c                __ram0_free__ = .

.ram1_init      0x0000000020000000        0x0 load address 0x0000000008005078
                0x0000000020000000                . = ALIGN (0x4)
                0x0000000008005078                __ram1_init_text__ = LOADADDR (.ram1_init)
                0x0000000020000000                __ram1_init__ = .
 *(.ram1_init)
 *(.ram1_init.*)
                0x0000000020000000                . = ALIGN (0x4)

.ram1           0x0000000020000000        0x0 load address 0x0000000008005078
                0x0000000020000000                . = ALIGN (0x4)
                0x0000000020000000                __ram1_clear__ = .
 *(.ram1_clear)
 *(.ram1_clear.*)
                0x0000000020000000                . = ALIGN (0x4)
                0x0000000020000000                __ram1_noinit__ = .
 *(.ram1)
 *(.ram1.*)
                0x0000000020000000                . = ALIGN (0x4)
                0x0000000020000000                __ram1_free__ = .

.ram2_init      0x0000000000000000        0x0 load address 0x0000000008005078
                0x0000000000000000                . = ALIGN (0x4)
                0x0000000008005078                __ram2_init_text__ = LOADADDR (.ram2_init)
                0x0000000000000000                __ram2_init__ = .
 *(.ram2_init)
 *(.ram2_init.*)
                0x0000000000000000                . = ALIGN (0x4)

.ram2           0x0000000000000000        0x0 load address 0x0000000008005078
                0x0000000000000000                . = ALIGN (0x4)
                0x0000000000000000                __ram2_clear__ = .
 *(.ram2_clear)
 *(.ram2_clear.*)
                0x0000000000000000                . = ALIGN (0x4)
                0x0000000000000000                __ram2_noinit__ = .
 *(.ram2)
 *(.ram2.*)
                0x0000000000000000                . = ALIGN (0x4)
                0x0000000000000000                __ram2_free__ = .

.ram3_init      0x0000000000000000        0x0 load address 0x0000000008005078
                0x0000000000000000                . = ALIGN (0x4)
                0x0000000008005078                __ram3_init_text__ = LOADADDR (.ram3_init)
                0x0000000000000000                __ram3_init__ = .
 *(.ram3_init)
 *(.ram3_init.*)
                0x0000000000000000                . = ALIGN (0x4)

.ram3           0x0000000000000000        0x0 load address 0x0000000008005078
                0x0000000000000000                . = ALIGN (0x4)
                0x0000000000000000                __ram3_clear__ = .
 *(.ram3_clear)
 *(.ram3_clear.*)
                0x0000000000000000                . = ALIGN (0x4)
                0x0000000000000000                __ram3_noinit__ = .
 *(.ram3)
 *(.ram3.*)
                0x0000000000000000                . = ALIGN (0x4)
                0x0000000000000000                __ram3_free__ = .

.ram4_init      0x0000000000000000        0x0 load address 0x0000000008005078
                0x0000000000000000                . = ALIGN (0x4)
                0x0000000008005078                __ram4_init_text__ = LOADADDR (.ram4_init)
                0x0000000000000000                __ram4_init__ = .
 *(.ram4_init)
 *(.ram4_init.*)
                0x0000000000000000                . = ALIGN (0x4)

.ram4           0x0000000000000000        0x0 load address 0x0000000008005078
                0x0000000000000000                . = ALIGN (0x4)
                0x0000000000000000                __ram4_clear__ = .
 *(.ram4_clear)
 *(.ram4_clear.*)
                0x0000000000000000                . = ALIGN (0x4)
                0x0000000000000000                __ram4_noinit__ = .
 *(.ram4)
 *(.ram4.*)
                0x0000000000000000                . = ALIGN (0x4)
                0x0000000000000000                __ram4_free__ = .

.ram5_init      0x0000000000000000        0x0 load address 0x0000000008005078
                0x0000000000000000                . = ALIGN (0x4)
                0x0000000008005078                __ram5_init_text__ = LOADADDR (.ram5_init)
                0x0000000000000000                __ram5_init__ = .
 *(.ram5_init)
 *(.ram5_init.*)
                0x0000000000000000                . = ALIGN (0x4)

.ram5           0x0000000000000000        0x0 load address 0x0000000008005078
                0x0000000000000000                . = ALIGN (0x4)
                0x0000000000000000                __ram5_clear__ = .
 *(.ram5_clear)
 *(.ram5_clear.*)
                0x0000000000000000                . = ALIGN (0x4)
                0x0000000000000000                __ram5_noinit__ = .
 *(.ram5)
 *(.ram5.*)
                0x0000000000000000                . = ALIGN (0x4)
                0x0000000000000000                __ram5_free__ = .

.ram6_init      0x0000000000000000        0x0 load address 0x0000000008005078
                0x0000000000000000                . = ALIGN (0x4)
                0x0000000008005078                __ram6_init_text__ = LOADADDR (.ram6_init)
                0x0000000000000000                __ram6_init__ = .
 *(.ram6_init)
 *(.ram6_init.*)
                0x0000000000000000                . = ALIGN (0x4)

.ram6           0x0000000000000000        0x0 load address 0x0000000008005078
                0x0000000000000000                . = ALIGN (0x4)
                0x0000000000000000                __ram6_clear__ = .
 *(.ram6_clear)
 *(.ram6_clear.*)
                0x0000000000000000                . = ALIGN (0x4)
                0x0000000000000000                __ram6_noinit__ = .
 *(.ram6)
 *(.ram6.*)
                0x0000000000000000                . = ALIGN (0x4)
                0x0000000000000000                __ram6_free__ = .

.ram7_init      0x0000000000000000        0x0 load address 0x0000000008005078
                0x0000000000000000                . = ALIGN (0x4)
                0x0000000008005078                __ram7_init_text__ = LOADADDR (.ram7_init)
                0x0000000000000000                __ram7_init__ = .
 *(.ram7_init)
 *(.ram7_init.*)
                0x0000000000000000                . = ALIGN (0x4)

.ram7           0x0000000000000000        0x0 load address 0x0000000008005078
                0x0000000000000000                . = ALIGN (0x4)
                0x0000000000000000                __ram7_clear__ = .
 *(.ram7_clear)
 *(.ram7_clear.*)
                0x0000000000000000                . = ALIGN (0x4)
                0x0000000000000000                __ram7_noinit__ = .
 *(.ram7)
 *(.ram7.*)
                0x0000000000000000                . = ALIGN (0x4)
                0x0000000000000000                __ram7_free__ = .

.heap           0x000000002000320c    0x1cdf4
                0x0000000020003210                . = ALIGN (0x8)
 *fill*         0x000000002000320c        0x4 
                0x0000000020003210                __heap_base__ = .
                0x0000000020020000                . = (ORIGIN (HEAP_RAM) + LENGTH (HEAP_RAM))
 *fill*         0x0000000020003210    0x1cdf0 
                0x0000000020020000                __heap_end__ = .
                0x0000000000000400                __process_stack_size__ = 0x400
                0x0000000000000400                __main_stack_size__ = 0x400
START GROUP
LOAD /home/weekend/opt/gcc-arm-none-eabi-6-2017-q1-update/bin/../lib/gcc/arm-none-eabi/6.3.1/thumb/v7e-m/fpv4-sp/hard/libgcc.a
LOAD /home/weekend/opt/gcc-arm-none-eabi-6-2017-q1-update/bin/../lib/gcc/arm-none-eabi/6.3.1/../../../../arm-none-eabi/lib/thumb/v7e-m/fpv4-sp/hard/libg.a
LOAD /home/weekend/opt/gcc-arm-none-eabi-6-2017-q1-update/bin/../lib/gcc/arm-none-eabi/6.3.1/../../../../arm-none-eabi/lib/thumb/v7e-m/fpv4-sp/hard/libc.a
END GROUP
OUTPUT(build/ch.elf elf32-littlearm)

.ARM.attributes
                0x0000000000000000       0x35
 .ARM.attributes
                0x0000000000000000       0x25 build/obj/crt0_v7m.o
 .ARM.attributes
                0x0000000000000025       0x25 build/obj/chcoreasm_v7m.o
 .ARM.attributes
                0x000000000000004a       0x37 /tmp/ccnNSPcw.ltrans0.ltrans.o
 .ARM.attributes
                0x0000000000000081       0x37 /tmp/ccnNSPcw.ltrans1.ltrans.o
 .ARM.attributes
                0x00000000000000b8       0x37 /tmp/ccnNSPcw.ltrans2.ltrans.o
 .ARM.attributes
                0x00000000000000ef       0x37 /tmp/ccnNSPcw.ltrans3.ltrans.o
 .ARM.attributes
                0x0000000000000126       0x37 /tmp/ccnNSPcw.ltrans4.ltrans.o
 .ARM.attributes
                0x000000000000015d       0x20 /home/weekend/opt/gcc-arm-none-eabi-6-2017-q1-update/bin/../lib/gcc/arm-none-eabi/6.3.1/../../../../arm-none-eabi/lib/thumb/v7e-m/fpv4-sp/hard/libg.a(lib_a-memcpy.o)
 .ARM.attributes
                0x000000000000017d       0x34 /home/weekend/opt/gcc-arm-none-eabi-6-2017-q1-update/bin/../lib/gcc/arm-none-eabi/6.3.1/../../../../arm-none-eabi/lib/thumb/v7e-m/fpv4-sp/hard/libg.a(lib_a-memmove.o)
 .ARM.attributes
                0x00000000000001b1       0x34 /home/weekend/opt/gcc-arm-none-eabi-6-2017-q1-update/bin/../lib/gcc/arm-none-eabi/6.3.1/../../../../arm-none-eabi/lib/thumb/v7e-m/fpv4-sp/hard/libg.a(lib_a-memset.o)

.comment        0x0000000000000000       0x7f
 .comment       0x0000000000000000       0x7f /tmp/ccnNSPcw.ltrans0.ltrans.o
                                         0x80 (size before relaxing)
 .comment       0x000000000000007f       0x80 /tmp/ccnNSPcw.ltrans1.ltrans.o
 .comment       0x000000000000007f       0x80 /tmp/ccnNSPcw.ltrans2.ltrans.o
 .comment       0x000000000000007f       0x80 /tmp/ccnNSPcw.ltrans3.ltrans.o
 .comment       0x000000000000007f       0x80 /tmp/ccnNSPcw.ltrans4.ltrans.o

.debug_info     0x0000000000000000    0x13ef1
 .debug_info    0x0000000000000000     0x4f2c /tmp/ccnNSPcw.ltrans0.ltrans.o
 .debug_info    0x0000000000004f2c     0x43fe /tmp/ccnNSPcw.ltrans1.ltrans.o
 .debug_info    0x000000000000932a     0x443a /tmp/ccnNSPcw.ltrans2.ltrans.o
 .debug_info    0x000000000000d764     0x3cde /tmp/ccnNSPcw.ltrans3.ltrans.o
 .debug_info    0x0000000000011442     0x2aaf /tmp/ccnNSPcw.ltrans4.ltrans.o

.debug_abbrev   0x0000000000000000     0x236f
 .debug_abbrev  0x0000000000000000      0x6de /tmp/ccnNSPcw.ltrans0.ltrans.o
 .debug_abbrev  0x00000000000006de      0x7a3 /tmp/ccnNSPcw.ltrans1.ltrans.o
 .debug_abbrev  0x0000000000000e81      0x7be /tmp/ccnNSPcw.ltrans2.ltrans.o
 .debug_abbrev  0x000000000000163f      0x786 /tmp/ccnNSPcw.ltrans3.ltrans.o
 .debug_abbrev  0x0000000000001dc5      0x5aa /tmp/ccnNSPcw.ltrans4.ltrans.o

.debug_loc      0x0000000000000000     0x5a4f
 .debug_loc     0x0000000000000000     0x1f46 /tmp/ccnNSPcw.ltrans0.ltrans.o
 .debug_loc     0x0000000000001f46      0x8c7 /tmp/ccnNSPcw.ltrans1.ltrans.o
 .debug_loc     0x000000000000280d     0x19ac /tmp/ccnNSPcw.ltrans2.ltrans.o
 .debug_loc     0x00000000000041b9     0x131f /tmp/ccnNSPcw.ltrans3.ltrans.o
 .debug_loc     0x00000000000054d8      0x577 /tmp/ccnNSPcw.ltrans4.ltrans.o

.debug_aranges  0x0000000000000000      0x3a0
 .debug_aranges
                0x0000000000000000      0x240 /tmp/ccnNSPcw.ltrans0.ltrans.o
 .debug_aranges
                0x0000000000000240       0x60 /tmp/ccnNSPcw.ltrans1.ltrans.o
 .debug_aranges
                0x00000000000002a0       0x50 /tmp/ccnNSPcw.ltrans2.ltrans.o
 .debug_aranges
                0x00000000000002f0       0x70 /tmp/ccnNSPcw.ltrans3.ltrans.o
 .debug_aranges
                0x0000000000000360       0x40 /tmp/ccnNSPcw.ltrans4.ltrans.o

.debug_ranges   0x0000000000000000     0x1b80
 .debug_ranges  0x0000000000000000      0x778 /tmp/ccnNSPcw.ltrans0.ltrans.o
 .debug_ranges  0x0000000000000778      0xcc8 /tmp/ccnNSPcw.ltrans1.ltrans.o
 .debug_ranges  0x0000000000001440      0x350 /tmp/ccnNSPcw.ltrans2.ltrans.o
 .debug_ranges  0x0000000000001790      0x278 /tmp/ccnNSPcw.ltrans3.ltrans.o
 .debug_ranges  0x0000000000001a08      0x178 /tmp/ccnNSPcw.ltrans4.ltrans.o

.debug_line     0x0000000000000000     0x4609
 .debug_line    0x0000000000000000     0x14cf /tmp/ccnNSPcw.ltrans0.ltrans.o
 .debug_line    0x00000000000014cf     0x104d /tmp/ccnNSPcw.ltrans1.ltrans.o
 .debug_line    0x000000000000251c      0xc96 /tmp/ccnNSPcw.ltrans2.ltrans.o
 .debug_line    0x00000000000031b2      0xcf8 /tmp/ccnNSPcw.ltrans3.ltrans.o
 .debug_line    0x0000000000003eaa      0x75f /tmp/ccnNSPcw.ltrans4.ltrans.o

.debug_str      0x0000000000000000     0x35a7
 .debug_str     0x0000000000000000     0x1265 /tmp/ccnNSPcw.ltrans0.ltrans.o
                                       0x1387 (size before relaxing)
 .debug_str     0x0000000000001265      0xb11 /tmp/ccnNSPcw.ltrans1.ltrans.o
                                       0x15be (size before relaxing)
 .debug_str     0x0000000000001d76      0xf7c /tmp/ccnNSPcw.ltrans2.ltrans.o
                                       0x192d (size before relaxing)
 .debug_str     0x0000000000002cf2      0x734 /tmp/ccnNSPcw.ltrans3.ltrans.o
                                       0x1693 (size before relaxing)
 .debug_str     0x0000000000003426      0x181 /tmp/ccnNSPcw.ltrans4.ltrans.o
                                        0xd16 (size before relaxing)

.debug_frame    0x0000000000000000      0xc18
 .debug_frame   0x0000000000000000      0x77c /tmp/ccnNSPcw.ltrans0.ltrans.o
 .debug_frame   0x000000000000077c       0xf4 /tmp/ccnNSPcw.ltrans1.ltrans.o
 .debug_frame   0x0000000000000870       0xfc /tmp/ccnNSPcw.ltrans2.ltrans.o
 .debug_frame   0x000000000000096c      0x1b8 /tmp/ccnNSPcw.ltrans3.ltrans.o
 .debug_frame   0x0000000000000b24       0x90 /tmp/ccnNSPcw.ltrans4.ltrans.o
 .debug_frame   0x0000000000000bb4       0x30 /home/weekend/opt/gcc-arm-none-eabi-6-2017-q1-update/bin/../lib/gcc/arm-none-eabi/6.3.1/../../../../arm-none-eabi/lib/thumb/v7e-m/fpv4-sp/hard/libg.a(lib_a-memmove.o)
 .debug_frame   0x0000000000000be4       0x34 /home/weekend/opt/gcc-arm-none-eabi-6-2017-q1-update/bin/../lib/gcc/arm-none-eabi/6.3.1/../../../../arm-none-eabi/lib/thumb/v7e-m/fpv4-sp/hard/libg.a(lib_a-memset.o)

Cross Reference Table

Symbol                                            File
ADCD1                                             /tmp/ccnNSPcw.ltrans3.ltrans.o
                                                  build/obj/hal_adc_lld.o (symbol from plugin)
                                                  /tmp/ccnNSPcw.ltrans4.ltrans.o
                                                  /tmp/ccnNSPcw.ltrans2.ltrans.o
                                                  /tmp/ccnNSPcw.ltrans1.ltrans.o
                                                  /tmp/ccnNSPcw.ltrans0.ltrans.o
                                                  build/obj/ADC.o (symbol from plugin)
                                                  build/obj/ThreePhaseDriver.o (symbol from plugin)
ADCManager::ADCManager(event_source*)             build/obj/ADC.o (symbol from plugin)
ADCManager::ADCManager(event_source*)             build/obj/ADC.o (symbol from plugin)
                                                  build/obj/currentControl.o (symbol from plugin)
ADCManager::adccb_sin(ADCDriver*, unsigned short*, unsigned int) /tmp/ccnNSPcw.ltrans2.ltrans.o
                                                  build/obj/ADC.o (symbol from plugin)
                                                  /tmp/ccnNSPcw.ltrans4.ltrans.o
ADCManager::adccg_sin                             build/obj/ADC.o (symbol from plugin)
                                                  build/obj/ThreePhaseDriver.o (symbol from plugin)
ADCManager::adcindex                              build/obj/ADC.o (symbol from plugin)
ADCManager::current_event_source                  build/obj/ADC.o (symbol from plugin)
ADCManager::current_filled_buffers                /tmp/ccnNSPcw.ltrans3.ltrans.o
                                                  build/obj/ADC.o (symbol from plugin)
                                                  /tmp/ccnNSPcw.ltrans2.ltrans.o
                                                  build/obj/currentControl.o (symbol from plugin)
ADCManager::current_free_buffers                  /tmp/ccnNSPcw.ltrans3.ltrans.o
                                                  build/obj/ADC.o (symbol from plugin)
                                                  /tmp/ccnNSPcw.ltrans2.ltrans.o
                                                  build/obj/currentControl.o (symbol from plugin)
ADCManager::current_used_buffer                   build/obj/ADC.o (symbol from plugin)
ADCManager::current_used_buffer_index             build/obj/ADC.o (symbol from plugin)
ADCManager::measurement2MilAmp(float)             build/obj/ADC.o (symbol from plugin)
ADCManager::measurement2Standard(float)           build/obj/ADC.o (symbol from plugin)
ADCManager::samples_average_buf                   build/obj/ADC.o (symbol from plugin)
ADCManager::samples_buf                           build/obj/ADC.o (symbol from plugin)
                                                  build/obj/ThreePhaseDriver.o (symbol from plugin)
ADCManager::sortMove(std::array<unsigned short, 12u> const&, std::array<unsigned short, 12u>&) build/obj/ADC.o (symbol from plugin)
ADCManager::startADC()                            build/obj/ADC.o (symbol from plugin)
                                                  build/obj/currentControl.o (symbol from plugin)
ADCManager::state                                 build/obj/ADC.o (symbol from plugin)
                                                  build/obj/currentControl.o (symbol from plugin)
BusFault_Handler                                  /tmp/ccnNSPcw.ltrans0.ltrans.o
                                                  build/obj/vectors.o (symbol from plugin)
                                                  /tmp/ccnNSPcw.ltrans1.ltrans.o
CommandsTh::CommandsTh(ControllerTh&)             build/obj/Commands.o (symbol from plugin)
CommandsTh::CommandsTh(ControllerTh&)             build/obj/Commands.o (symbol from plugin)
                                                  build/obj/main.o (symbol from plugin)
CommandsTh::main()                                /tmp/ccnNSPcw.ltrans2.ltrans.o
                                                  build/obj/Commands.o (symbol from plugin)
                                                  /tmp/ccnNSPcw.ltrans3.ltrans.o
ControllerTh::ControllerTh(currentControlTh&, TesterThread&, unsigned short) build/obj/Controller.o (symbol from plugin)
ControllerTh::ControllerTh(currentControlTh&, TesterThread&, unsigned short) build/obj/Controller.o (symbol from plugin)
                                                  build/obj/main.o (symbol from plugin)
ControllerTh::getAmplitude()                      build/obj/Controller.o (symbol from plugin)
                                                  build/obj/ThreePhaseDriver.o (symbol from plugin)
ControllerTh::getPhase()                          build/obj/Controller.o (symbol from plugin)
                                                  build/obj/ThreePhaseDriver.o (symbol from plugin)
ControllerTh::main()                              build/obj/Controller.o (symbol from plugin)
ControllerTh::setCurrent(float)                   build/obj/Controller.o (symbol from plugin)
                                                  build/obj/Commands.o (symbol from plugin)
DebugMon_Handler                                  /tmp/ccnNSPcw.ltrans0.ltrans.o
                                                  build/obj/vectors.o (symbol from plugin)
                                                  /tmp/ccnNSPcw.ltrans1.ltrans.o
HardFault_Handler                                 /tmp/ccnNSPcw.ltrans0.ltrans.o
                                                  build/obj/vectors.o (symbol from plugin)
                                                  /tmp/ccnNSPcw.ltrans1.ltrans.o
MemManage_Handler                                 /tmp/ccnNSPcw.ltrans0.ltrans.o
                                                  build/obj/vectors.o (symbol from plugin)
                                                  /tmp/ccnNSPcw.ltrans1.ltrans.o
NMI_Handler                                       /tmp/ccnNSPcw.ltrans0.ltrans.o
                                                  build/obj/vectors.o (symbol from plugin)
                                                  /tmp/ccnNSPcw.ltrans1.ltrans.o
PWMD3                                             /tmp/ccnNSPcw.ltrans4.ltrans.o
                                                  build/obj/hal_pwm_lld.o (symbol from plugin)
                                                  /tmp/ccnNSPcw.ltrans1.ltrans.o
                                                  /tmp/ccnNSPcw.ltrans0.ltrans.o
                                                  build/obj/ThreePhaseDriver.o (symbol from plugin)
PWMD8                                             /tmp/ccnNSPcw.ltrans3.ltrans.o
                                                  build/obj/hal_pwm_lld.o (symbol from plugin)
                                                  /tmp/ccnNSPcw.ltrans4.ltrans.o
                                                  /tmp/ccnNSPcw.ltrans1.ltrans.o
                                                  /tmp/ccnNSPcw.ltrans0.ltrans.o
                                                  build/obj/ThreePhaseDriver.o (symbol from plugin)
PendSV_Handler                                    /tmp/ccnNSPcw.ltrans0.ltrans.o
                                                  build/obj/vectors.o (symbol from plugin)
                                                  /tmp/ccnNSPcw.ltrans1.ltrans.o
PositionSense::PositionSense()                    build/obj/PositionSense.o (symbol from plugin)
PositionSense::PositionSense()                    build/obj/PositionSense.o (symbol from plugin)
PositionSense::main()                             build/obj/PositionSense.o (symbol from plugin)
PositionSense::sense_spicfg                       build/obj/PositionSense.o (symbol from plugin)
Reset_Handler                                     build/obj/crt0_v7m.o
                                                  /tmp/ccnNSPcw.ltrans1.ltrans.o
                                                  build/obj/vectors.o (symbol from plugin)
SD2                                               /tmp/ccnNSPcw.ltrans3.ltrans.o
                                                  build/obj/hal_serial_lld.o (symbol from plugin)
                                                  /tmp/ccnNSPcw.ltrans2.ltrans.o
                                                  /tmp/ccnNSPcw.ltrans1.ltrans.o
                                                  build/obj/Commands.o (symbol from plugin)
                                                  build/obj/currentControl.o (symbol from plugin)
                                                  build/obj/main.o (symbol from plugin)
SPID1                                             build/obj/hal_spi_lld.o (symbol from plugin)
                                                  build/obj/PositionSense.o (symbol from plugin)
SVC_Handler                                       /tmp/ccnNSPcw.ltrans0.ltrans.o
                                                  build/obj/chcore_v7m.o (symbol from plugin)
                                                  build/obj/vectors.o (symbol from plugin)
                                                  /tmp/ccnNSPcw.ltrans1.ltrans.o
SysTick_Handler                                   /tmp/ccnNSPcw.ltrans0.ltrans.o
                                                  build/obj/vectors.o (symbol from plugin)
                                                  /tmp/ccnNSPcw.ltrans1.ltrans.o
SystemCoreClock                                   build/obj/hal_lld.o (symbol from plugin)
TesterThread::TesterThread()                      build/obj/tester.o (symbol from plugin)
                                                  build/obj/main.o (symbol from plugin)
TesterThread::TesterThread()                      build/obj/tester.o (symbol from plugin)
TesterThread::getPhase()                          build/obj/tester.o (symbol from plugin)
                                                  build/obj/Controller.o (symbol from plugin)
TesterThread::main()                              /tmp/ccnNSPcw.ltrans4.ltrans.o
                                                  build/obj/tester.o (symbol from plugin)
                                                  /tmp/ccnNSPcw.ltrans3.ltrans.o
ThreePhaseDriver::ThreePhaseDriver(ControllerTh&, unsigned short) build/obj/ThreePhaseDriver.o (symbol from plugin)
                                                  build/obj/main.o (symbol from plugin)
ThreePhaseDriver::ThreePhaseDriver(ControllerTh&, unsigned short) build/obj/ThreePhaseDriver.o (symbol from plugin)
ThreePhaseDriver::changeNormalState()             build/obj/ThreePhaseDriver.o (symbol from plugin)
ThreePhaseDriver::disableOutput()                 build/obj/ThreePhaseDriver.o (symbol from plugin)
                                                  build/obj/main.o (symbol from plugin)
ThreePhaseDriver::enableOutput()                  build/obj/ThreePhaseDriver.o (symbol from plugin)
                                                  build/obj/main.o (symbol from plugin)
ThreePhaseDriver::enableOutput() [clone .constprop.5] /tmp/ccnNSPcw.ltrans3.ltrans.o
                                                  /tmp/ccnNSPcw.ltrans1.ltrans.o
ThreePhaseDriver::initDriver()                    build/obj/ThreePhaseDriver.o (symbol from plugin)
                                                  build/obj/main.o (symbol from plugin)
ThreePhaseDriver::main()                          /tmp/ccnNSPcw.ltrans4.ltrans.o
                                                  build/obj/ThreePhaseDriver.o (symbol from plugin)
                                                  /tmp/ccnNSPcw.ltrans3.ltrans.o
ThreePhaseDriver::simpleCallBack(PWMDriver*)      /tmp/ccnNSPcw.ltrans4.ltrans.o
                                                  build/obj/ThreePhaseDriver.o (symbol from plugin)
                                                  /tmp/ccnNSPcw.ltrans3.ltrans.o
ThreePhaseDriver::sinCallBack(PWMDriver*)         /tmp/ccnNSPcw.ltrans4.ltrans.o
                                                  build/obj/ThreePhaseDriver.o (symbol from plugin)
                                                  /tmp/ccnNSPcw.ltrans3.ltrans.o
UsageFault_Handler                                /tmp/ccnNSPcw.ltrans0.ltrans.o
                                                  build/obj/vectors.o (symbol from plugin)
                                                  /tmp/ccnNSPcw.ltrans1.ltrans.o
Vector100                                         /tmp/ccnNSPcw.ltrans0.ltrans.o
                                                  build/obj/vectors.o (symbol from plugin)
                                                  /tmp/ccnNSPcw.ltrans1.ltrans.o
Vector104                                         /tmp/ccnNSPcw.ltrans0.ltrans.o
                                                  build/obj/vectors.o (symbol from plugin)
                                                  /tmp/ccnNSPcw.ltrans1.ltrans.o
Vector108                                         /tmp/ccnNSPcw.ltrans0.ltrans.o
                                                  build/obj/vectors.o (symbol from plugin)
                                                  /tmp/ccnNSPcw.ltrans1.ltrans.o
Vector10C                                         /tmp/ccnNSPcw.ltrans0.ltrans.o
                                                  build/obj/vectors.o (symbol from plugin)
                                                  /tmp/ccnNSPcw.ltrans1.ltrans.o
Vector110                                         /tmp/ccnNSPcw.ltrans0.ltrans.o
                                                  build/obj/vectors.o (symbol from plugin)
                                                  /tmp/ccnNSPcw.ltrans1.ltrans.o
Vector114                                         /tmp/ccnNSPcw.ltrans0.ltrans.o
                                                  build/obj/vectors.o (symbol from plugin)
                                                  /tmp/ccnNSPcw.ltrans1.ltrans.o
Vector118                                         /tmp/ccnNSPcw.ltrans0.ltrans.o
                                                  build/obj/vectors.o (symbol from plugin)
                                                  /tmp/ccnNSPcw.ltrans1.ltrans.o
Vector11C                                         /tmp/ccnNSPcw.ltrans0.ltrans.o
                                                  build/obj/vectors.o (symbol from plugin)
                                                  /tmp/ccnNSPcw.ltrans1.ltrans.o
Vector120                                         /tmp/ccnNSPcw.ltrans0.ltrans.o
                                                  build/obj/stm32_dma.o (symbol from plugin)
                                                  build/obj/vectors.o (symbol from plugin)
                                                  /tmp/ccnNSPcw.ltrans1.ltrans.o
Vector124                                         /tmp/ccnNSPcw.ltrans0.ltrans.o
                                                  build/obj/stm32_dma.o (symbol from plugin)
                                                  build/obj/vectors.o (symbol from plugin)
                                                  /tmp/ccnNSPcw.ltrans1.ltrans.o
Vector128                                         /tmp/ccnNSPcw.ltrans0.ltrans.o
                                                  build/obj/stm32_dma.o (symbol from plugin)
                                                  build/obj/vectors.o (symbol from plugin)
                                                  /tmp/ccnNSPcw.ltrans1.ltrans.o
Vector12C                                         /tmp/ccnNSPcw.ltrans0.ltrans.o
                                                  build/obj/stm32_dma.o (symbol from plugin)
                                                  build/obj/vectors.o (symbol from plugin)
                                                  /tmp/ccnNSPcw.ltrans1.ltrans.o
Vector130                                         /tmp/ccnNSPcw.ltrans0.ltrans.o
                                                  build/obj/stm32_dma.o (symbol from plugin)
                                                  build/obj/vectors.o (symbol from plugin)
                                                  /tmp/ccnNSPcw.ltrans1.ltrans.o
Vector134                                         /tmp/ccnNSPcw.ltrans0.ltrans.o
                                                  build/obj/vectors.o (symbol from plugin)
                                                  /tmp/ccnNSPcw.ltrans1.ltrans.o
Vector138                                         /tmp/ccnNSPcw.ltrans0.ltrans.o
                                                  build/obj/vectors.o (symbol from plugin)
                                                  /tmp/ccnNSPcw.ltrans1.ltrans.o
Vector13C                                         /tmp/ccnNSPcw.ltrans0.ltrans.o
                                                  build/obj/vectors.o (symbol from plugin)
                                                  /tmp/ccnNSPcw.ltrans1.ltrans.o
Vector140                                         /tmp/ccnNSPcw.ltrans0.ltrans.o
                                                  build/obj/vectors.o (symbol from plugin)
                                                  /tmp/ccnNSPcw.ltrans1.ltrans.o
Vector144                                         /tmp/ccnNSPcw.ltrans0.ltrans.o
                                                  build/obj/vectors.o (symbol from plugin)
                                                  /tmp/ccnNSPcw.ltrans1.ltrans.o
Vector148                                         /tmp/ccnNSPcw.ltrans0.ltrans.o
                                                  build/obj/vectors.o (symbol from plugin)
                                                  /tmp/ccnNSPcw.ltrans1.ltrans.o
Vector14C                                         /tmp/ccnNSPcw.ltrans0.ltrans.o
                                                  build/obj/vectors.o (symbol from plugin)
                                                  /tmp/ccnNSPcw.ltrans1.ltrans.o
Vector150                                         /tmp/ccnNSPcw.ltrans0.ltrans.o
                                                  build/obj/stm32_dma.o (symbol from plugin)
                                                  build/obj/vectors.o (symbol from plugin)
                                                  /tmp/ccnNSPcw.ltrans1.ltrans.o
Vector154                                         /tmp/ccnNSPcw.ltrans0.ltrans.o
                                                  build/obj/stm32_dma.o (symbol from plugin)
                                                  build/obj/vectors.o (symbol from plugin)
                                                  /tmp/ccnNSPcw.ltrans1.ltrans.o
Vector158                                         /tmp/ccnNSPcw.ltrans0.ltrans.o
                                                  build/obj/stm32_dma.o (symbol from plugin)
                                                  build/obj/vectors.o (symbol from plugin)
                                                  /tmp/ccnNSPcw.ltrans1.ltrans.o
Vector15C                                         /tmp/ccnNSPcw.ltrans0.ltrans.o
                                                  build/obj/vectors.o (symbol from plugin)
                                                  /tmp/ccnNSPcw.ltrans1.ltrans.o
Vector160                                         /tmp/ccnNSPcw.ltrans0.ltrans.o
                                                  build/obj/vectors.o (symbol from plugin)
                                                  /tmp/ccnNSPcw.ltrans1.ltrans.o
Vector164                                         /tmp/ccnNSPcw.ltrans0.ltrans.o
                                                  build/obj/vectors.o (symbol from plugin)
                                                  /tmp/ccnNSPcw.ltrans1.ltrans.o
Vector168                                         /tmp/ccnNSPcw.ltrans0.ltrans.o
                                                  build/obj/vectors.o (symbol from plugin)
                                                  /tmp/ccnNSPcw.ltrans1.ltrans.o
Vector16C                                         /tmp/ccnNSPcw.ltrans0.ltrans.o
                                                  build/obj/vectors.o (symbol from plugin)
                                                  /tmp/ccnNSPcw.ltrans1.ltrans.o
Vector170                                         /tmp/ccnNSPcw.ltrans0.ltrans.o
                                                  build/obj/vectors.o (symbol from plugin)
                                                  /tmp/ccnNSPcw.ltrans1.ltrans.o
Vector174                                         /tmp/ccnNSPcw.ltrans0.ltrans.o
                                                  build/obj/vectors.o (symbol from plugin)
                                                  /tmp/ccnNSPcw.ltrans1.ltrans.o
Vector178                                         /tmp/ccnNSPcw.ltrans0.ltrans.o
                                                  build/obj/vectors.o (symbol from plugin)
                                                  /tmp/ccnNSPcw.ltrans1.ltrans.o
Vector17C                                         /tmp/ccnNSPcw.ltrans0.ltrans.o
                                                  build/obj/vectors.o (symbol from plugin)
                                                  /tmp/ccnNSPcw.ltrans1.ltrans.o
Vector180                                         /tmp/ccnNSPcw.ltrans0.ltrans.o
                                                  build/obj/vectors.o (symbol from plugin)
                                                  /tmp/ccnNSPcw.ltrans1.ltrans.o
Vector184                                         /tmp/ccnNSPcw.ltrans0.ltrans.o
                                                  build/obj/vectors.o (symbol from plugin)
                                                  /tmp/ccnNSPcw.ltrans1.ltrans.o
Vector188                                         /tmp/ccnNSPcw.ltrans0.ltrans.o
                                                  build/obj/vectors.o (symbol from plugin)
                                                  /tmp/ccnNSPcw.ltrans1.ltrans.o
Vector18C                                         /tmp/ccnNSPcw.ltrans0.ltrans.o
                                                  build/obj/vectors.o (symbol from plugin)
                                                  /tmp/ccnNSPcw.ltrans1.ltrans.o
Vector190                                         /tmp/ccnNSPcw.ltrans0.ltrans.o
                                                  build/obj/vectors.o (symbol from plugin)
                                                  /tmp/ccnNSPcw.ltrans1.ltrans.o
Vector194                                         /tmp/ccnNSPcw.ltrans0.ltrans.o
                                                  build/obj/vectors.o (symbol from plugin)
                                                  /tmp/ccnNSPcw.ltrans1.ltrans.o
Vector198                                         /tmp/ccnNSPcw.ltrans0.ltrans.o
                                                  build/obj/vectors.o (symbol from plugin)
                                                  /tmp/ccnNSPcw.ltrans1.ltrans.o
Vector19C                                         /tmp/ccnNSPcw.ltrans0.ltrans.o
                                                  build/obj/vectors.o (symbol from plugin)
                                                  /tmp/ccnNSPcw.ltrans1.ltrans.o
Vector1A0                                         /tmp/ccnNSPcw.ltrans0.ltrans.o
                                                  build/obj/vectors.o (symbol from plugin)
                                                  /tmp/ccnNSPcw.ltrans1.ltrans.o
Vector1A4                                         /tmp/ccnNSPcw.ltrans0.ltrans.o
                                                  build/obj/vectors.o (symbol from plugin)
                                                  /tmp/ccnNSPcw.ltrans1.ltrans.o
Vector1A8                                         /tmp/ccnNSPcw.ltrans0.ltrans.o
                                                  build/obj/vectors.o (symbol from plugin)
                                                  /tmp/ccnNSPcw.ltrans1.ltrans.o
Vector1AC                                         /tmp/ccnNSPcw.ltrans0.ltrans.o
                                                  build/obj/vectors.o (symbol from plugin)
                                                  /tmp/ccnNSPcw.ltrans1.ltrans.o
Vector1B0                                         /tmp/ccnNSPcw.ltrans0.ltrans.o
                                                  build/obj/vectors.o (symbol from plugin)
                                                  /tmp/ccnNSPcw.ltrans1.ltrans.o
Vector1B4                                         /tmp/ccnNSPcw.ltrans0.ltrans.o
                                                  build/obj/vectors.o (symbol from plugin)
                                                  /tmp/ccnNSPcw.ltrans1.ltrans.o
Vector1B8                                         /tmp/ccnNSPcw.ltrans0.ltrans.o
                                                  build/obj/vectors.o (symbol from plugin)
                                                  /tmp/ccnNSPcw.ltrans1.ltrans.o
Vector1BC                                         /tmp/ccnNSPcw.ltrans0.ltrans.o
                                                  build/obj/vectors.o (symbol from plugin)
                                                  /tmp/ccnNSPcw.ltrans1.ltrans.o
Vector1C                                          /tmp/ccnNSPcw.ltrans0.ltrans.o
                                                  build/obj/vectors.o (symbol from plugin)
                                                  /tmp/ccnNSPcw.ltrans1.ltrans.o
Vector20                                          /tmp/ccnNSPcw.ltrans0.ltrans.o
                                                  build/obj/vectors.o (symbol from plugin)
                                                  /tmp/ccnNSPcw.ltrans1.ltrans.o
Vector24                                          /tmp/ccnNSPcw.ltrans0.ltrans.o
                                                  build/obj/vectors.o (symbol from plugin)
                                                  /tmp/ccnNSPcw.ltrans1.ltrans.o
Vector28                                          /tmp/ccnNSPcw.ltrans0.ltrans.o
                                                  build/obj/vectors.o (symbol from plugin)
                                                  /tmp/ccnNSPcw.ltrans1.ltrans.o
Vector34                                          /tmp/ccnNSPcw.ltrans0.ltrans.o
                                                  build/obj/vectors.o (symbol from plugin)
                                                  /tmp/ccnNSPcw.ltrans1.ltrans.o
Vector40                                          /tmp/ccnNSPcw.ltrans0.ltrans.o
                                                  build/obj/vectors.o (symbol from plugin)
                                                  /tmp/ccnNSPcw.ltrans1.ltrans.o
Vector44                                          /tmp/ccnNSPcw.ltrans0.ltrans.o
                                                  build/obj/vectors.o (symbol from plugin)
                                                  /tmp/ccnNSPcw.ltrans1.ltrans.o
Vector48                                          /tmp/ccnNSPcw.ltrans0.ltrans.o
                                                  build/obj/vectors.o (symbol from plugin)
                                                  /tmp/ccnNSPcw.ltrans1.ltrans.o
Vector4C                                          /tmp/ccnNSPcw.ltrans0.ltrans.o
                                                  build/obj/vectors.o (symbol from plugin)
                                                  /tmp/ccnNSPcw.ltrans1.ltrans.o
Vector50                                          /tmp/ccnNSPcw.ltrans0.ltrans.o
                                                  build/obj/vectors.o (symbol from plugin)
                                                  /tmp/ccnNSPcw.ltrans1.ltrans.o
Vector54                                          /tmp/ccnNSPcw.ltrans0.ltrans.o
                                                  build/obj/vectors.o (symbol from plugin)
                                                  /tmp/ccnNSPcw.ltrans1.ltrans.o
Vector58                                          /tmp/ccnNSPcw.ltrans0.ltrans.o
                                                  build/obj/vectors.o (symbol from plugin)
                                                  /tmp/ccnNSPcw.ltrans1.ltrans.o
Vector5C                                          /tmp/ccnNSPcw.ltrans0.ltrans.o
                                                  build/obj/vectors.o (symbol from plugin)
                                                  /tmp/ccnNSPcw.ltrans1.ltrans.o
Vector60                                          /tmp/ccnNSPcw.ltrans0.ltrans.o
                                                  build/obj/vectors.o (symbol from plugin)
                                                  /tmp/ccnNSPcw.ltrans1.ltrans.o
Vector64                                          /tmp/ccnNSPcw.ltrans0.ltrans.o
                                                  build/obj/vectors.o (symbol from plugin)
                                                  /tmp/ccnNSPcw.ltrans1.ltrans.o
Vector68                                          /tmp/ccnNSPcw.ltrans0.ltrans.o
                                                  build/obj/vectors.o (symbol from plugin)
                                                  /tmp/ccnNSPcw.ltrans1.ltrans.o
Vector6C                                          /tmp/ccnNSPcw.ltrans0.ltrans.o
                                                  build/obj/stm32_dma.o (symbol from plugin)
                                                  build/obj/vectors.o (symbol from plugin)
                                                  /tmp/ccnNSPcw.ltrans1.ltrans.o
Vector70                                          /tmp/ccnNSPcw.ltrans0.ltrans.o
                                                  build/obj/stm32_dma.o (symbol from plugin)
                                                  build/obj/vectors.o (symbol from plugin)
                                                  /tmp/ccnNSPcw.ltrans1.ltrans.o
Vector74                                          /tmp/ccnNSPcw.ltrans0.ltrans.o
                                                  build/obj/stm32_dma.o (symbol from plugin)
                                                  build/obj/vectors.o (symbol from plugin)
                                                  /tmp/ccnNSPcw.ltrans1.ltrans.o
Vector78                                          /tmp/ccnNSPcw.ltrans0.ltrans.o